<html>
<body>
<pre>
<h1>µVision Build Log</h1>
<h2>Tool Versions:</h2>
IDE-Version: µVision V5.24.2.0
Copyright (C) 2017 ARM Ltd and ARM Germany GmbH. All rights reserved.
License Information: shengtian zhou, upenn, LIC=----
 
Tool Versions:
Toolchain:       MDK-Lite  Version: 5.24.1
Toolchain Path:  C:\Keil_v5\ARM\ARMCC\Bin
C Compiler:      Armcc.exe V5.06 update 5 (build 528)
Assembler:       Armasm.exe V5.06 update 5 (build 528)
Linker/Locator:  ArmLink.exe V5.06 update 5 (build 528)
Library Manager: ArmAr.exe V5.06 update 5 (build 528)
Hex Converter:   FromElf.exe V5.06 update 5 (build 528)
CPU DLL:         SARMCM3.DLL V5.24.1
Dialog DLL:      DARMP1.DLL V1.27.0.0
Target DLL:      UL2CM3.DLL V1.160.3.0
Dialog DLL:      TARMP1.DLL V1.26.0.0
 
<h2>Project:</h2>
C:\Users\Stanley\Desktop\ese519_labs\ese519_lab6\mRKv2.0\MRK.uvproj
Project File Date:  12/01/2017

<h2>Output:</h2>
*** Using Compiler 'V5.06 update 5 (build 528)', folder: 'C:\Keil_v5\ARM\ARMCC\Bin'
Build target 'mbed NXP LPC1768'
Before Translate - User command #1: C:\Users\Stanley\Desktop\ese519_labs\ese519_lab6\mRKv2.0\MBed_Flash.bat
C:\Users\Stanley\Desktop\ese519_labs\ese519_lab6\mRKv2.0>copy   
The syntax of the command is incorrect.
compiling main.cpp...
mrk_uvision_lpc1768\mrk\NanoRk\Projects\basic_tasks\main.cpp(177): warning:  #1-D: last line of file ends without a newline
  }
mrk_uvision_lpc1768\mrk\NanoRk\Projects\basic_tasks\main.cpp: 1 warning, 0 errors
linking...
Program Size: Code=27932 RO-data=1640 RW-data=308 ZI-data=2808  
After Build - User command #1: fromelf --bin -o E:\MRK.bin .\build\MRK.axf
".\build\MRK.axf" - 0 Error(s), 1 Warning(s).
Build Time Elapsed:  00:00:02
</pre>
</body>
</html>
