Component: ARM Compiler 5.06 update 5 (build 528) Tool: armlink [4d35e2]

==============================================================================

Section Cross References

    nrk_cpu.o(i._Z16nrk_target_startv) refers to nrk_timer.o(i._Z16_nrk_setup_timerv) for _nrk_setup_timer()
    nrk_cpu.o(i._Z16nrk_task_set_stkP9task_typePjt) refers to nrk_error.o(i._Z13nrk_error_addh) for nrk_error_add(unsigned char)
    nrk_cpu.o(i._Z22nrk_stack_pointer_initv) refers to nrk.o(.bss) for nrk_kernel_stk
    nrk_cpu.o(i._Z22nrk_stack_pointer_initv) refers to nrk.o(.data) for nrk_kernel_stk_ptr
    nrk_cpu.o(i._Z22nrk_stack_pointer_initv) refers to nrk.o(i._nrk_timer_tick) for _nrk_timer_tick
    nrk_cpu.o(i._Z25nrk_stack_pointer_restorev) refers to nrk.o(.bss) for nrk_kernel_stk
    nrk_cpu.o(i._Z25nrk_stack_pointer_restorev) refers to nrk.o(i._nrk_timer_tick) for _nrk_timer_tick
    nrk_cpu.o(i._Z25nrk_stack_pointer_restorev) refers to nrk.o(.data) for nrk_kernel_stk_ptr
    nrk_cpu.o(.ARM.exidx) refers to nrk_cpu.o(i._Z16nrk_battery_savev) for i._Z16nrk_battery_savev
    nrk_cpu.o(.ARM.exidx) refers to nrk_cpu.o(i._Z9nrk_sleepv) for i._Z9nrk_sleepv
    nrk_cpu.o(.ARM.exidx) refers to nrk_cpu.o(i._Z8nrk_idlev) for i._Z8nrk_idlev
    nrk_cpu.o(.ARM.exidx) refers to nrk_cpu.o(i._Z27nrk_task_set_entry_functionP9task_typePFvvE) for i._Z27nrk_task_set_entry_functionP9task_typePFvvE
    nrk_cpu.o(.ARM.exidx) refers to nrk_cpu.o(i._Z16nrk_task_set_stkP9task_typePjt) for i._Z16nrk_task_set_stkP9task_typePjt
    nrk_cpu.o(.ARM.exidx) refers to nrk_cpu.o(i._Z17nrk_task_stk_initPFvvEPjS1_) for i._Z17nrk_task_stk_initPFvvEPjS1_
    nrk_cpu.o(.ARM.exidx) refers to nrk_cpu.o(i._Z22nrk_stack_pointer_initv) for i._Z22nrk_stack_pointer_initv
    nrk_cpu.o(.ARM.exidx) refers to nrk_cpu.o(i._Z25nrk_stack_pointer_restorev) for i._Z25nrk_stack_pointer_restorev
    nrk_cpu.o(.ARM.exidx) refers to nrk_cpu.o(i._Z16nrk_target_startv) for i._Z16nrk_target_startv
    nrk_status.o(.ARM.exidx) refers to nrk_status.o(i._Z18_nrk_startup_errorv) for i._Z18_nrk_startup_errorv
    nrk_timer.o(i.TIMER0_IRQHandler) refers to my_asm.o(.text) for _swap
    nrk_timer.o(i._Z16_nrk_setup_timerv) refers to nrk_timer.o(i._Z14NVIC_EnableIRQ4IRQn) for NVIC_EnableIRQ(IRQn)
    nrk_timer.o(i._Z16_nrk_setup_timerv) refers to nrk_timer.o(i._Z19_nrk_os_timer_resetv) for _nrk_os_timer_reset()
    nrk_timer.o(i._Z16_nrk_setup_timerv) refers to nrk_timer.o(i._Z19_nrk_os_timer_startv) for _nrk_os_timer_start()
    nrk_timer.o(i._Z16_nrk_setup_timerv) refers to nrk_timer.o(.data) for .data
    nrk_timer.o(i._Z16nrk_spin_wait_usj) refers to wait_api.c.lpc1768.arm.o(i.wait_us) for wait_us
    nrk_timer.o(i._Z19_nrk_os_timer_resetv) refers to nrk_timer.o(.data) for .data
    nrk_timer.o(i._Z25nrk_high_speed_timer_waittt) refers to nrk_timer.o(i._Z25_nrk_high_speed_timer_getv) for _nrk_high_speed_timer_get()
    nrk_timer.o(.ARM.exidx) refers to nrk_timer.o(i._Z16nrk_spin_wait_usj) for i._Z16nrk_spin_wait_usj
    nrk_timer.o(.ARM.exidx) refers to nrk_timer.o(i._Z19_nrk_os_timer_startv) for i._Z19_nrk_os_timer_startv
    nrk_timer.o(.ARM.exidx) refers to nrk_timer.o(i._Z19_nrk_os_timer_resetv) for i._Z19_nrk_os_timer_resetv
    nrk_timer.o(.ARM.exidx) refers to nrk_timer.o(i._Z16_nrk_setup_timerv) for i._Z16_nrk_setup_timerv
    nrk_timer.o(.ARM.exidx) refers to nrk_timer.o(i._Z26_nrk_high_speed_timer_stopv) for i._Z26_nrk_high_speed_timer_stopv
    nrk_timer.o(.ARM.exidx) refers to nrk_timer.o(i._Z27_nrk_high_speed_timer_startv) for i._Z27_nrk_high_speed_timer_startv
    nrk_timer.o(.ARM.exidx) refers to nrk_timer.o(i._Z27_nrk_high_speed_timer_resetv) for i._Z27_nrk_high_speed_timer_resetv
    nrk_timer.o(.ARM.exidx) refers to nrk_timer.o(i._Z25_nrk_high_speed_timer_getv) for i._Z25_nrk_high_speed_timer_getv
    nrk_timer.o(.ARM.exidx) refers to nrk_timer.o(i._Z25nrk_high_speed_timer_waittt) for i._Z25nrk_high_speed_timer_waittt
    nrk_timer.o(.ARM.exidx) refers to nrk_timer.o(i._Z18_nrk_os_timer_stopv) for i._Z18_nrk_os_timer_stopv
    nrk_timer.o(.ARM.exidx) refers to nrk_timer.o(i._Z17_nrk_os_timer_seth) for i._Z17_nrk_os_timer_seth
    nrk_timer.o(.ARM.exidx) refers to nrk_timer.o(i._Z20_nrk_get_next_wakeupv) for i._Z20_nrk_get_next_wakeupv
    nrk_timer.o(.ARM.exidx) refers to nrk_timer.o(i._Z20_nrk_set_next_wakeuph) for i._Z20_nrk_set_next_wakeuph
    nrk_timer.o(.ARM.exidx) refers to nrk_timer.o(i._Z18nrk_timer_int_stoph) for i._Z18nrk_timer_int_stoph
    nrk_timer.o(.ARM.exidx) refers to nrk_timer.o(i._Z19nrk_timer_int_reseth) for i._Z19nrk_timer_int_reseth
    nrk_timer.o(.ARM.exidx) refers to nrk_timer.o(i._Z18nrk_timer_int_readh) for i._Z18nrk_timer_int_readh
    nrk_timer.o(.ARM.exidx) refers to nrk_timer.o(i._Z19nrk_timer_int_starth) for i._Z19nrk_timer_int_starth
    nrk_timer.o(.ARM.exidx) refers to nrk_timer.o(i._Z23nrk_timer_int_configurehttPv) for i._Z23nrk_timer_int_configurehttPv
[...]
    nrk_gpio_toggle(unsigned)                0x000046b1   Thumb Code    66  ulib.o(i._Z15nrk_gpio_togglej)
    nrk_int_disable()                        0x000046f3   Thumb Code     4  nrk.o(i._Z15nrk_int_disablev)
    nrk_setup_ports()                        0x000046f7   Thumb Code     4  ulib.o(i._Z15nrk_setup_portsv)
    PINSEL_ConfigPin(PINSEL_CFG_Type*)       0x000046fb   Thumb Code    38  ulib.o(i._Z16PINSEL_ConfigPinP15PINSEL_CFG_Type)
    _nrk_setup_timer()                       0x00004721   Thumb Code   136  nrk_timer.o(i._Z16_nrk_setup_timerv)
    nrk_spin_wait_us(unsigned)               0x000047b9   Thumb Code     4  nrk_timer.o(i._Z16nrk_spin_wait_usj)
    nrk_target_start()                       0x000047bd   Thumb Code    10  nrk_cpu.o(i._Z16nrk_target_startv)
    nrk_task_set_stk(task_type*, unsigned*, unsigned short) 0x000047c7   Thumb Code    30  nrk_cpu.o(i._Z16nrk_task_set_stkP9task_typePjt)
    set_ResistorMode(unsigned char, unsigned char, unsigned char) 0x000047e5   Thumb Code    36  ulib.o(i._Z16set_ResistorModehhh)
    _nrk_os_timer_get()                      0x0000480d   Thumb Code    10  nrk_timer.o(i._Z17_nrk_os_timer_getv)
    nrk_activate_task(task_type*)            0x00004819   Thumb Code   112  nrk_task.o(i._Z17nrk_activate_taskP9task_type)
    nrk_add_to_readyQ(signed char)           0x0000488d   Thumb Code   170  nrk_task.o(i._Z17nrk_add_to_readyQa)
    nrk_task_stk_init(void(*)(), unsigned*, unsigned*) 0x00004945   Thumb Code   128  nrk_cpu.o(i._Z17nrk_task_stk_initPFvvEPjS1_)
    set_OpenDrainMode(unsigned char, unsigned char, unsigned char) 0x000049c5   Thumb Code    30  ulib.o(i._Z17set_OpenDrainModehhh)
    _nrk_time_to_ticks(nrk_time_t*)          0x000049e9   Thumb Code    56  nrk_time.o(i._Z18_nrk_time_to_ticksP10nrk_time_t)
    nrk_create_taskset()                     0x00004a29   Thumb Code   154  main.o(i._Z18nrk_create_tasksetv)
    rf_parse_rx_packet()                     0x00004aed   Thumb Code   166  basic_rf.o(i._Z18rf_parse_rx_packetv)
    _nrk_os_timer_reset()                    0x00004b9d   Thumb Code    10  nrk_timer.o(i._Z19_nrk_os_timer_resetv)
    _nrk_os_timer_start()                    0x00004bad   Thumb Code    14  nrk_timer.o(i._Z19_nrk_os_timer_startv)
    nrk_rem_from_readyQ(signed char)         0x00004bbd   Thumb Code    76  nrk_task.o(i._Z19nrk_rem_from_readyQa)
    _nrk_get_next_wakeup()                   0x00004c11   Thumb Code    12  nrk_timer.o(i._Z20_nrk_get_next_wakeupv)
    _nrk_set_next_wakeup(unsigned char)      0x00004c1d   Thumb Code    10  nrk_timer.o(i._Z20_nrk_set_next_wakeuph)
    nrk_kernel_error_add(unsigned char, unsigned char) 0x00004c29   Thumb Code     8  nrk_error.o(i._Z20nrk_kernel_error_addhh)
    nrk_stack_pointer_init()                 0x00004c35   Thumb Code   106  nrk_cpu.o(i._Z22nrk_stack_pointer_initv)
    _nrk_wait_for_scheduler()                0x00004cad   Thumb Code    14  nrk_task.o(i._Z23_nrk_wait_for_schedulerv)
    _nrk_high_speed_timer_get()              0x00004cc1   Thumb Code    16  nrk_timer.o(i._Z25_nrk_high_speed_timer_getv)
    nrk_high_speed_timer_wait(unsigned short, unsigned short) 0x00004cd5   Thumb Code    50  nrk_timer.o(i._Z25nrk_high_speed_timer_waittt)
    nrk_stack_pointer_restore()              0x00004d09   Thumb Code   100  nrk_cpu.o(i._Z25nrk_stack_pointer_restorev)
    nrk_get_high_ready_task_ID()             0x00004d79   Thumb Code     8  nrk_task.o(i._Z26nrk_get_high_ready_task_IDv)
    nrk_wait_until_next_period()             0x00004d85   Thumb Code    58  nrk_task.o(i._Z26nrk_wait_until_next_periodv)
    _nrk_high_speed_timer_reset()            0x00004dc9   Thumb Code    20  nrk_timer.o(i._Z27_nrk_high_speed_timer_resetv)
    nrk_task_set_entry_function(task_type*, void(*)()) 0x00004de1   Thumb Code     4  nrk_cpu.o(i._Z27nrk_task_set_entry_functionP9task_typePFvvE)
    Task1()                                  0x00004de5   Thumb Code    90  main.o(i._Z5Task1v)
    Task2()                                  0x00004e5d   Thumb Code    94  main.o(i._Z5Task2v)
    Task3()                                  0x00004ed9   Thumb Code    90  main.o(i._Z5Task3v)
    initLED()                                0x00004f51   Thumb Code   156  ulib.o(i._Z7initLEDv)
    nrk_init()                               0x00004ff1   Thumb Code   154  nrk.o(i._Z8nrk_initv)
    rf_rx_on()                               0x0000509d   Thumb Code    18  basic_rf.o(i._Z8rf_rx_onv)
    PORT_INIT()                              0x000050b9   Thumb Code    22  ulib.o(i._Z9PORT_INITv)
    initDEBUG()                              0x000050d1   Thumb Code   152  ulib.o(i._Z9initDEBUGv)
    nrk_start()                              0x0000516d   Thumb Code   124  nrk.o(i._Z9nrk_startv)
    rf_rx_off()                              0x000051f5   Thumb Code    18  basic_rf.o(i._Z9rf_rx_offv)
    mbed::DigitalOut::DigitalOut(PinName, const char*) 0x000055c5   Thumb Code    28  DigitalOut.cpp.lpc1768.arm.o(i._ZN4mbed10DigitalOutC1E7PinNamePKc)
    mbed::DigitalOut::DigitalOut__sub_object(PinName, const char*) 0x000055c5   Thumb Code     0  DigitalOut.cpp.lpc1768.arm.o(i._ZN4mbed10DigitalOutC1E7PinNamePKc)
    mbed::DigitalOut::~DigitalOut__deallocating() 0x000055e5   Thumb Code    14  DigitalOut.cpp.lpc1768.arm.o(i._ZN4mbed10DigitalOutD0Ev)
    mbed::DigitalOut::~DigitalOut()          0x000055f3   Thumb Code     4  DigitalOut.cpp.lpc1768.arm.o(i._ZN4mbed10DigitalOutD1Ev)
    mbed::DigitalOut::~DigitalOut__sub_object() 0x000055f3   Thumb Code     0  DigitalOut.cpp.lpc1768.arm.o(i._ZN4mbed10DigitalOutD1Ev)
    mbed::DigitalOut::operator =(int)        0x000055f7   Thumb Code    14  DigitalOut.cpp.lpc1768.arm.o(i._ZN4mbed10DigitalOutaSEi)
    mbed::Base::clear(const char*, char*)    0x00005605   Thumb Code    42  Base.cpp.lpc1768.arm.o(i._ZN4mbed4Base5clearEPKcPc)
    mbed::Base::lookup(const char*, unsigned) 0x00005635   Thumb Code    50  Base.cpp.lpc1768.arm.o(i._ZN4mbed4Base6lookupEPKcj)
    mbed::Base::list_objs(const char*, char*) 0x0000566d   Thumb Code    56  Base.cpp.lpc1768.arm.o(i._ZN4mbed4Base9list_objsEPKcPc)
    mbed::Base::Base(const char*)            0x000056ad   Thumb Code    28  Base.cpp.lpc1768.arm.o(i._ZN4mbed4BaseC1EPKc)
    mbed::Base::Base__sub_object(const char*) 0x000056ad   Thumb Code     0  Base.cpp.lpc1768.arm.o(i._ZN4mbed4BaseC1EPKc)
    mbed::Base::~Base__deallocating()        0x000056d1   Thumb Code    44  Base.cpp.lpc1768.arm.o(i._ZN4mbed4BaseD0Ev)
    mbed::Base::~Base()                      0x00005705   Thumb Code    46  Base.cpp.lpc1768.arm.o(i._ZN4mbed4BaseD1Ev)
    mbed::Base::~Base__sub_object()          0x00005705   Thumb Code     0  Base.cpp.lpc1768.arm.o(i._ZN4mbed4BaseD1Ev)
    std::type_info::operator ==(const std::type_info&) const 0x0000573d   Thumb Code    32  type_info_eq.o(i._ZNKSt9type_infoeqERKS_)
    operator delete[] (void*)                0x0000575d   Thumb Code     8  array_del.o(i._ZdaPv)
    operator delete (void*)                  0x00005765   Thumb Code     8  delete.o(i._ZdlPv)
    __ARM_common_get_typeid                  0x0000576d   Thumb Code    32  rtti.o(i.__ARM_common_get_typeid)
    __ARM_fpclassify                         0x0000578d   Thumb Code    40  fpclassify.o(i.__ARM_fpclassify)
    __derived_to_base_conversion             0x000057b5   Thumb Code   106  rtti.o(i.__derived_to_base_conversion)
    __dynamic_cast                           0x00005825   Thumb Code   170  rtti.o(i.__dynamic_cast)
    __mathlib_dbl_overflow                   0x000058d9   Thumb Code    14  dunder.o(i.__mathlib_dbl_overflow)
    __mathlib_dbl_underflow                  0x000058e9   Thumb Code    10  dunder.o(i.__mathlib_dbl_underflow)
    __mathlib_flt_overflow                   0x000058f9   Thumb Code    10  funder.o(i.__mathlib_flt_overflow)
    __mathlib_flt_underflow                  0x00005903   Thumb Code    10  funder.o(i.__mathlib_flt_underflow)
    __mathlib_narrow                         0x0000590d   Thumb Code    16  narrow.o(i.__mathlib_narrow)
    __mathlib_tofloat                        0x0000591d   Thumb Code   184  narrow.o(i.__mathlib_tofloat)
    __support_ldexp                          0x00005a2d   Thumb Code    22  ldexp.o(i.__support_ldexp)
    __user_setup_stackheap                   0x00005a45   Thumb Code     8  stackheap.o(i.__user_setup_stackheap)
    _is_digit                                0x00005a51   Thumb Code    14  __printf_wp.o(i._is_digit)
    _nrk_timer_tick                          0x00005a5f   Thumb Code     4  nrk.o(i._nrk_timer_tick)
    _sys_close                               0x00005a65   Thumb Code    40  stdio.cpp.lpc1768.arm.o(i._sys_close)
    _sys_flen                                0x00005a91   Thumb Code    34  stdio.cpp.lpc1768.arm.o(i._sys_flen)
    _sys_istty                               0x00005ab9   Thumb Code    34  stdio.cpp.lpc1768.arm.o(i._sys_istty)
    _sys_open                                0x00005ae1   Thumb Code   348  stdio.cpp.lpc1768.arm.o(i._sys_open)
    _sys_seek                                0x00005c65   Thumb Code    40  stdio.cpp.lpc1768.arm.o(i._sys_seek)
    _sys_write                               0x00005c91   Thumb Code    76  stdio.cpp.lpc1768.arm.o(i._sys_write)
    exit                                     0x00005ce5   Thumb Code    22  exit.c.lpc1768.arm.o(i.exit)
    fputc                                    0x00005cfb   Thumb Code    26  fputc.o(i.fputc)
    frexp                                    0x00005d15   Thumb Code    80  frexp.o(i.frexp)
    gpio_output                              0x00005d6d   Thumb Code    48  gpio_api.c.lpc1768.arm.o(i.gpio_output)
    gpio_write                               0x00005d9d   Thumb Code    24  gpio_api.c.lpc1768.arm.o(i.gpio_write)
    ldexp                                    0x00005db5   Thumb Code   116  ldexp.o(i.ldexp)
    main                                     0x00005e29   Thumb Code    50  main.o(i.main)
    mbed_die                                 0x00005e61   Thumb Code   114  utils_api.c.lpc1768.arm.o(i.mbed_die)
    pin_function                             0x00005ed9   Thumb Code    52  pinmap.c.lpc1768.arm.o(i.pin_function)
    pin_mode                                 0x00005f11   Thumb Code    52  pinmap.c.lpc1768.arm.o(i.pin_mode)
    pinmap_merge                             0x00005f49   Thumb Code    36  pinmap.c.lpc1768.arm.o(i.pinmap_merge)
    pinmap_peripheral                        0x00005f85   Thumb Code    50  pinmap.c.lpc1768.arm.o(i.pinmap_peripheral)
    pinmap_pinout                            0x00005fdd   Thumb Code   134  pinmap.c.lpc1768.arm.o(i.pinmap_pinout)
    scalbnf                                  0x00006081   Thumb Code    84  scalbnf.o(i.scalbnf)
    semihost_exit                            0x000060d5   Thumb Code    12  semihost_api.c.lpc1768.arm.o(i.semihost_exit)
    serial_baud                              0x000060e1   Thumb Code   218  serial_api.c.lpc1768.arm.o(i.serial_baud)
    serial_format                            0x000061e1   Thumb Code   132  serial_api.c.lpc1768.arm.o(i.serial_format)
    serial_init                              0x00006275   Thumb Code   178  serial_api.c.lpc1768.arm.o(i.serial_init)
    serial_putc                              0x00006359   Thumb Code    12  serial_api.c.lpc1768.arm.o(i.serial_putc)
    timer_frequency                          0x00006365   Thumb Code    16  timer_api.c.lpc1768.arm.o(i.timer_frequency)
    timer_init                               0x00006379   Thumb Code   100  timer_api.c.lpc1768.arm.o(i.timer_init)
    timer_read                               0x000063e9   Thumb Code     4  timer_api.c.lpc1768.arm.o(i.timer_read)
    timer_start                              0x000063ed   Thumb Code    12  timer_api.c.lpc1768.arm.o(i.timer_start)
    us_ticker_read                           0x000063f9   Thumb Code    44  us_ticker_api.c.lpc1768.arm.o(i.us_ticker_read)
    wait_ms                                  0x00006431   Thumb Code    28  wait_api.c.lpc1768.arm.o(i.wait_ms)
    wait_us                                  0x0000644d   Thumb Code    22  wait_api.c.lpc1768.arm.o(i.wait_us)
    _get_lc_ctype                            0x00006465   Thumb Code    44  lc_ctype_c.o(locale$$code)
    _get_lc_numeric                          0x00006491   Thumb Code    44  lc_numeric_c.o(locale$$code)
    __aeabi_d2f                              0x000064bd   Thumb Code     0  d2f.o(x$fpl$d2f)
    _d2f                                     0x000064bd   Thumb Code    98  d2f.o(x$fpl$d2f)
    __fpl_dcheck_NaN1                        0x00006521   Thumb Code    10  dcheck1.o(x$fpl$dcheck1)
    __fpl_dcmp_Inf                           0x00006531   Thumb Code    24  dcmpi.o(x$fpl$dcmpinf)
    __aeabi_cdcmpeq                          0x00006549   Thumb Code     0  deqf.o(x$fpl$deqf)
    _dcmpeq                                  0x00006549   Thumb Code   120  deqf.o(x$fpl$deqf)
    __aeabi_cdcmple                          0x000065c1   Thumb Code     0  dleqf.o(x$fpl$dleqf)
    _dcmple                                  0x000065c1   Thumb Code   120  dleqf.o(x$fpl$dleqf)
    __fpl_dcmple_InfNaN                      0x00006623   Thumb Code     0  dleqf.o(x$fpl$dleqf)
    __fpl_dnaninf                            0x00006639   Thumb Code   156  dnaninf.o(x$fpl$dnaninf)
    __aeabi_cdrcmple                         0x000066d5   Thumb Code     0  drleqf.o(x$fpl$drleqf)
    _drcmple                                 0x000066d5   Thumb Code   108  drleqf.o(x$fpl$drleqf)
    __aeabi_fadd                             0x00006741   Thumb Code     0  faddsub_clz.o(x$fpl$fadd)
    _fadd                                    0x00006741   Thumb Code   196  faddsub_clz.o(x$fpl$fadd)
    __fpl_fcheck_NaN1                        0x00006805   Thumb Code     6  fcheck1.o(x$fpl$fcheck1)
    __aeabi_fdiv                             0x00006811   Thumb Code     0  fdiv.o(x$fpl$fdiv)
    _fdiv                                    0x00006811   Thumb Code   384  fdiv.o(x$fpl$fdiv)
    __aeabi_f2iz                             0x00006995   Thumb Code     0  ffix.o(x$fpl$ffix)
    _ffix                                    0x00006995   Thumb Code    54  ffix.o(x$fpl$ffix)
    __aeabi_i2f                              0x000069cd   Thumb Code     0  fflt_clz.o(x$fpl$fflt)
    _fflt                                    0x000069cd   Thumb Code    48  fflt_clz.o(x$fpl$fflt)
    __aeabi_ui2f                             0x000069fd   Thumb Code     0  fflt_clz.o(x$fpl$ffltu)
    _ffltu                                   0x000069fd   Thumb Code    38  fflt_clz.o(x$fpl$ffltu)
    __aeabi_fmul                             0x00006a25   Thumb Code     0  fmul.o(x$fpl$fmul)
    _fmul                                    0x00006a25   Thumb Code   258  fmul.o(x$fpl$fmul)
    __fpl_fnaninf                            0x00006b27   Thumb Code   140  fnaninf.o(x$fpl$fnaninf)
    __fpl_fretinf                            0x00006bb3   Thumb Code    10  fretinf.o(x$fpl$fretinf)
    __aeabi_fsub                             0x00006bbd   Thumb Code     0  faddsub_clz.o(x$fpl$fsub)
    _fsub                                    0x00006bbd   Thumb Code   234  faddsub_clz.o(x$fpl$fsub)
    __ieee_status                            0x00006ca7   Thumb Code     6  istatus.o(x$fpl$ieeestatus)
    _printf_fp_dec                           0x00006cad   Thumb Code     4  printf1.o(x$fpl$printf1)
    _printf_fp_hex                           0x00006cb1   Thumb Code     4  printf2.o(x$fpl$printf2)
    __fpl_return_NaN                         0x00006cb5   Thumb Code   100  retnan.o(x$fpl$retnan)
    __ARM_scalbn                             0x00006d19   Thumb Code    92  scalbn.o(x$fpl$scalbn)
    __ARM_scalbnf                            0x00006d75   Thumb Code    76  scalbnf.o(x$fpl$scalbnf)
    _scanf_real                              0x00006dc1   Thumb Code     4  scanf1.o(x$fpl$scanf1)
    _scanf_hex_real                          0x00006dc5   Thumb Code     4  scanf2.o(x$fpl$scanf2)
    _scanf_infnan                            0x00006dc9   Thumb Code     4  scanf2.o(x$fpl$scanf2)
    __fpl_cmpreturn                          0x00006dcd   Thumb Code    48  trapv.o(x$fpl$trapveneer)
    mbed::Base::_base_funcs                  0x00006dfc   Data          24  Base.cpp.lpc1768.arm.o(.constdata)
    __I$use$fp                               0x00006dfc   Number         0  usenofp.o(x$fpl$usenofp)
    __stdin_name                             0x00006e14   Data           7  stdio.cpp.lpc1768.arm.o(.constdata)
    __stdout_name                            0x00006e1b   Data           8  stdio.cpp.lpc1768.arm.o(.constdata)
    __stderr_name                            0x00006e23   Data           8  stdio.cpp.lpc1768.arm.o(.constdata)
    typeinfo for __cxxabiv1::__class_type_info 0x00007080   Data          12  lib_rtti_impl.o(.constdata__ZTIN10__cxxabiv117__class_type_infoE)
    typeinfo for __cxxabiv1::__si_class_type_info 0x0000708c   Data          12  lib_rtti_impl.o(.constdata__ZTIN10__cxxabiv120__si_class_type_infoE)
    typeinfo for __cxxabiv1::__vmi_class_type_info 0x00007098   Data          12  lib_rtti_impl.o(.constdata__ZTIN10__cxxabiv121__vmi_class_type_infoE)
    typeinfo for mbed::DigitalOut            0x000070a4   Data          12  DigitalOut.cpp.lpc1768.arm.o(.constdata__ZTIN4mbed10DigitalOutE)
    typeinfo for mbed::FileHandle            0x000070b0   Data           8  stdio.cpp.lpc1768.arm.o(.constdata__ZTIN4mbed10FileHandleE)
    typeinfo for mbed::FileSystemLike        0x000070b8   Data          12  Base.cpp.lpc1768.arm.o(.constdata__ZTIN4mbed14FileSystemLikeE)
    typeinfo for mbed::Base                  0x000070c4   Data           8  Base.cpp.lpc1768.arm.o(.constdata__ZTIN4mbed4BaseE)
    typeinfo for mbed::FileLike              0x000070cc   Data          32  stdio.cpp.lpc1768.arm.o(.constdata__ZTIN4mbed8FileLikeE)
    typeinfo for std::type_info              0x000070ec   Data           8  type_info_dtor.o(.constdata__ZTISt9type_info)
    typeinfo name for __cxxabiv1::__class_type_info 0x000070f4   Data          34  lib_rtti_impl.o(.constdata__ZTSN10__cxxabiv117__class_type_infoE)
    typeinfo name for __cxxabiv1::__si_class_type_info 0x00007116   Data          37  lib_rtti_impl.o(.constdata__ZTSN10__cxxabiv120__si_class_type_infoE)
    typeinfo name for __cxxabiv1::__vmi_class_type_info 0x0000713b   Data          38  lib_rtti_impl.o(.constdata__ZTSN10__cxxabiv121__vmi_class_type_infoE)
    typeinfo name for mbed::DigitalOut       0x00007161   Data          20  DigitalOut.cpp.lpc1768.arm.o(.constdata__ZTSN4mbed10DigitalOutE)
    typeinfo name for mbed::FileHandle       0x00007175   Data          20  stdio.cpp.lpc1768.arm.o(.constdata__ZTSN4mbed10FileHandleE)
    typeinfo name for mbed::FileSystemLike   0x00007189   Data          24  Base.cpp.lpc1768.arm.o(.constdata__ZTSN4mbed14FileSystemLikeE)
    typeinfo name for mbed::Base             0x000071a1   Data          13  Base.cpp.lpc1768.arm.o(.constdata__ZTSN4mbed4BaseE)
    typeinfo name for mbed::FileLike         0x000071ae   Data          17  stdio.cpp.lpc1768.arm.o(.constdata__ZTSN4mbed8FileLikeE)
    typeinfo name for std::type_info         0x000071bf   Data          13  type_info_dtor.o(.constdata__ZTSSt9type_info)
    vtable for __cxxabiv1::__class_type_info 0x000071cc   Data          16  lib_rtti_impl.o(.constdata__ZTVN10__cxxabiv117__class_type_infoE)
    vtable for __cxxabiv1::__si_class_type_info 0x000071dc   Data          16  lib_rtti_impl.o(.constdata__ZTVN10__cxxabiv120__si_class_type_infoE)
    vtable for __cxxabiv1::__vmi_class_type_info 0x000071ec   Data          16  lib_rtti_impl.o(.constdata__ZTVN10__cxxabiv121__vmi_class_type_infoE)
    vtable for mbed::DigitalOut              0x000071fc   Data          24  DigitalOut.cpp.lpc1768.arm.o(.constdata__ZTVN4mbed10DigitalOutE)
    vtable for mbed::Base                    0x00007214   Data          24  Base.cpp.lpc1768.arm.o(.constdata__ZTVN4mbed4BaseE)
    Region$$Table$$Base                      0x00007240   Number         0  anon$$obj.o(Region$$Table)
    Region$$Table$$Limit                     0x00007260   Number         0  anon$$obj.o(Region$$Table)
    __aeabi_HUGE_VAL                         0x00007260   Data           0  fpconst.o(c$$dinf)
    __aeabi_HUGE_VALL                        0x00007260   Data           0  fpconst.o(c$$dinf)
    __aeabi_INFINITY                         0x00007260   Data           0  fpconst.o(c$$dinf)
    __dInf                                   0x00007260   Data           0  fpconst.o(c$$dinf)
    __huge_val                               0x00007260   Data           0  fpconst.o(c$$dinf)
    __dbl_max                                0x00007268   Data           0  fpconst.o(c$$dmax)
    __ctype                                  0x0000727d   Data           0  lc_ctype_c.o(locale$$data)
    SHT$$INIT_ARRAY$$Base                    0x0000739c   Number         0  main.o(.init_array)
    SHT$$INIT_ARRAY$$Limit                   0x000073a0   Number         0  init_aeabi.o(.init_array)
    _nrk_prev_timer_val                      0x100000c4   Data           1  nrk_timer.o(.data)
    _nrk_time_trigger                        0x100000c5   Data           1  nrk_timer.o(.data)
    nrk_kernel_stk_ptr                       0x100000c8   Data           4  nrk.o(.data)
    nrk_wakeup_signal                        0x100000cc   Data           1  nrk.o(.data)
    nrk_cur_task_prio                        0x100000d0   Data           1  nrk.o(.data)
    nrk_high_ready_prio                      0x100000d1   Data           1  nrk.o(.data)
    nrk_task_init_cnt                        0x100000d2   Data           1  nrk.o(.data)
    _free_node                               0x100000d4   Data           4  nrk.o(.data)
    _head_node                               0x100000d8   Data           4  nrk.o(.data)
    nrk_cur_task_TCB                         0x100000dc   Data           4  nrk.o(.data)
    nrk_high_ready_TCB                       0x100000e0   Data           4  nrk.o(.data)
    nrk_system_time                          0x100000e4   Data           8  nrk.o(.data)
    error_task                               0x100000ec   Data           1  nrk_error.o(.data)
    error_num                                0x100000ed   Data           1  nrk_error.o(.data)
    _nrk_cpu_state                           0x100000f0   Data           1  nrk_scheduler.o(.data)
    task_addr                                0x100000f4   Data           4  nrk_scheduler.o(.data)
    rx_ready                                 0x100000f8   Data           1  basic_rf.o(.data)
    auto_ack_enable                          0x100000f9   Data           1  basic_rf.o(.data)
    security_enable                          0x100000fa   Data           1  basic_rf.o(.data)
    rx_data_ready                            0x100000fb   Data           1  basic_rf.o(.data)
    tx_status_ready                          0x100000fc   Data           1  basic_rf.o(.data)
    rssi_cca_thold                           0x100000fd   Data           1  basic_rf.o(.data)
    SystemCoreClock                          0x1000010c   Data           4  system_LPC17xx.o(.data)
    mbed::Base::_head                        0x10000110   Data           4  Base.cpp.lpc1768.arm.o(.data)
    mbed::Base::_classes                     0x10000114   Data           4  Base.cpp.lpc1768.arm.o(.data)
    mbed::Base::_base_class                  0x10000118   Data          12  Base.cpp.lpc1768.arm.o(.data)
    __aeabi_stdin                            0x10000128   Data           4  stdio_streams.o(.data)
    __aeabi_stdout                           0x1000012c   Data           4  stdio_streams.o(.data)
    __aeabi_stderr                           0x10000130   Data           4  stdio_streams.o(.data)
    nrk_kernel_stk                           0x10000138   Data         128  nrk.o(.bss)
    nrk_idle_task_stk                        0x100001b8   Data         128  nrk.o(.bss)
    nrk_task_TCB                             0x10000238   Data         352  nrk.o(.bss)
    _nrk_readyQ                              0x10000398   Data         108  nrk.o(.bss)
    rfSettings                               0x10000404   Data          12  basic_rf.o(.bss)
    Stack1                                   0x10000410   Data         512  main.o(.bss)
    TaskOne                                  0x10000610   Data          44  main.o(.bss)
    Stack2                                   0x1000063c   Data         512  main.o(.bss)
    TaskTwo                                  0x1000083c   Data          44  main.o(.bss)
    Stack3                                   0x10000868   Data         512  main.o(.bss)
    TaskThree                                0x10000a68   Data          44  main.o(.bss)
    task1                                    0x10000a94   Data          20  main.o(.bss)
    task2                                    0x10000aa8   Data          20  main.o(.bss)
    task3                                    0x10000abc   Data          20  main.o(.bss)
    __stdin                                  0x10000b10   Data          84  stdio_streams.o(.bss)
    __stdout                                 0x10000b64   Data          84  stdio_streams.o(.bss)
    __stderr                                 0x10000bb8   Data          84  stdio_streams.o(.bss)
    Image$$RW_IRAM1$$ZI$$Limit               0x10000c30   Number         0  anon$$obj.o ABSOLUTE



==============================================================================

Memory Map of the image

  Image Entry point : 0x000000c5

  Load Region LR_IROM1 (Base: 0x00000000, Size: 0x000074d8, Max: 0x00080000, ABSOLUTE, COMPRESSED[0x000073bc])

    Execution Region ER_IROM1 (Exec base: 0x00000000, Load base: 0x00000000, Size: 0x000073a0, Max: 0x00080000, ABSOLUTE)

    Exec Addr    Load Addr    Size         Type   Attr      Idx    E Section Name        Object

    0x00000000   0x00000000   0x000000c4   Data   RO         2436    RESET               startup_LPC17xx.o
    0x000000c4   0x000000c4   0x00000008   Code   RO         2892  * !!!main             c_w.l(__main.o)
    0x000000cc   0x000000cc   0x00000034   Code   RO         3788    !!!scatter          c_w.l(__scatter.o)
    0x00000100   0x00000100   0x0000003a   Code   RO         3786    !!dczerorl          c_w.l(__dczerorl.o)
    0x0000013a   0x0000013a   0x00000002   PAD
    0x0000013c   0x0000013c   0x0000001c   Code   RO         3790    !!handler_zi        c_w.l(__scatter_zi.o)
    0x00000158   0x00000158   0x00000000   Code   RO         2851    .ARM.Collect$$_printf_percent$$00000000  c_w.l(_printf_percent.o)
    0x00000158   0x00000158   0x00000006   Code   RO         3211    .ARM.Collect$$_printf_percent$$00000001  c_w.l(_printf_n.o)
    0x0000015e   0x0000015e   0x00000006   Code   RO         3212    .ARM.Collect$$_printf_percent$$00000002  c_w.l(_printf_p.o)
    0x00000164   0x00000164   0x00000006   Code   RO         3216    .ARM.Collect$$_printf_percent$$00000003  c_w.l(_printf_f.o)
    0x0000016a   0x0000016a   0x00000006   Code   RO         3217    .ARM.Collect$$_printf_percent$$00000004  c_w.l(_printf_e.o)
    0x00000170   0x00000170   0x00000006   Code   RO         3218    .ARM.Collect$$_printf_percent$$00000005  c_w.l(_printf_g.o)
    0x00000176   0x00000176   0x00000006   Code   RO         3219    .ARM.Collect$$_printf_percent$$00000006  c_w.l(_printf_a.o)
    0x0000017c   0x0000017c   0x0000000a   Code   RO         3224    .ARM.Collect$$_printf_percent$$00000007  c_w.l(_printf_ll.o)
    0x00000186   0x00000186   0x00000006   Code   RO         3214    .ARM.Collect$$_printf_percent$$00000008  c_w.l(_printf_i.o)
    0x0000018c   0x0000018c   0x00000006   Code   RO         2850    .ARM.Collect$$_printf_percent$$00000009  c_w.l(_printf_d.o)
    0x00000192   0x00000192   0x00000006   Code   RO         3215    .ARM.Collect$$_printf_percent$$0000000A  c_w.l(_printf_u.o)
    0x00000198   0x00000198   0x00000006   Code   RO         3213    .ARM.Collect$$_printf_percent$$0000000B  c_w.l(_printf_o.o)
    0x0000019e   0x0000019e   0x00000006   Code   RO         2849    .ARM.Collect$$_printf_percent$$0000000C  c_w.l(_printf_x.o)
    0x000001a4   0x000001a4   0x00000006   Code   RO         3221    .ARM.Collect$$_printf_percent$$0000000D  c_w.l(_printf_lli.o)
    0x000001aa   0x000001aa   0x00000006   Code   RO         3222    .ARM.Collect$$_printf_percent$$0000000E  c_w.l(_printf_lld.o)
    0x000001b0   0x000001b0   0x00000006   Code   RO         3223    .ARM.Collect$$_printf_percent$$0000000F  c_w.l(_printf_llu.o)
    0x000001b6   0x000001b6   0x00000006   Code   RO         3228    .ARM.Collect$$_printf_percent$$00000010  c_w.l(_printf_llo.o)
    0x000001bc   0x000001bc   0x00000006   Code   RO         3229    .ARM.Collect$$_printf_percent$$00000011  c_w.l(_printf_llx.o)
    0x000001c2   0x000001c2   0x0000000a   Code   RO         3225    .ARM.Collect$$_printf_percent$$00000012  c_w.l(_printf_l.o)
    0x000001cc   0x000001cc   0x00000006   Code   RO         3209    .ARM.Collect$$_printf_percent$$00000013  c_w.l(_printf_c.o)
    0x000001d2   0x000001d2   0x00000006   Code   RO         3210    .ARM.Collect$$_printf_percent$$00000014  c_w.l(_printf_s.o)
    0x000001d8   0x000001d8   0x00000006   Code   RO         3226    .ARM.Collect$$_printf_percent$$00000015  c_w.l(_printf_lc.o)
    0x000001de   0x000001de   0x00000006   Code   RO         3227    .ARM.Collect$$_printf_percent$$00000016  c_w.l(_printf_ls.o)
    0x000001e4   0x000001e4   0x00000004   Code   RO         3220    .ARM.Collect$$_printf_percent$$00000017  c_w.l(_printf_percent_end.o)
    0x000001e8   0x000001e8   0x00000002   Code   RO         3656    .ARM.Collect$$libinit$$00000000  c_w.l(libinit.o)
    0x000001ea   0x000001ea   0x00000000   Code   RO         3272    .ARM.Collect$$libinit$$00000002  c_w.l(libinit2.o)
    0x000001ea   0x000001ea   0x00000000   Code   RO         3274    .ARM.Collect$$libinit$$00000004  c_w.l(libinit2.o)
    0x000001ea   0x000001ea   0x00000008   Code   RO         3275    .ARM.Collect$$libinit$$00000005  c_w.l(libinit2.o)
    0x000001f2   0x000001f2   0x00000000   Code   RO         3277    .ARM.Collect$$libinit$$0000000A  c_w.l(libinit2.o)
    0x000001f2   0x000001f2   0x00000000   Code   RO         3279    .ARM.Collect$$libinit$$0000000C  c_w.l(libinit2.o)
    0x000001f2   0x000001f2   0x00000000   Code   RO         3281    .ARM.Collect$$libinit$$0000000E  c_w.l(libinit2.o)
    0x000001f2   0x000001f2   0x00000006   Code   RO         3282    .ARM.Collect$$libinit$$0000000F  c_w.l(libinit2.o)
    0x000001f8   0x000001f8   0x00000000   Code   RO         3284    .ARM.Collect$$libinit$$00000011  c_w.l(libinit2.o)
    0x000001f8   0x000001f8   0x0000000c   Code   RO         3285    .ARM.Collect$$libinit$$00000012  c_w.l(libinit2.o)
    0x00000204   0x00000204   0x00000000   Code   RO         3286    .ARM.Collect$$libinit$$00000013  c_w.l(libinit2.o)
    0x00000204   0x00000204   0x00000000   Code   RO         3288    .ARM.Collect$$libinit$$00000015  c_w.l(libinit2.o)
    0x00000204   0x00000204   0x0000000a   Code   RO         3289    .ARM.Collect$$libinit$$00000016  c_w.l(libinit2.o)
    0x0000020e   0x0000020e   0x00000000   Code   RO         3290    .ARM.Collect$$libinit$$00000017  c_w.l(libinit2.o)
    0x0000020e   0x0000020e   0x00000000   Code   RO         3292    .ARM.Collect$$libinit$$00000019  c_w.l(libinit2.o)
    0x0000020e   0x0000020e   0x00000000   Code   RO         3294    .ARM.Collect$$libinit$$0000001B  c_w.l(libinit2.o)
    0x0000020e   0x0000020e   0x00000000   Code   RO         3296    .ARM.Collect$$libinit$$0000001D  c_w.l(libinit2.o)
    0x0000020e   0x0000020e   0x00000000   Code   RO         3298    .ARM.Collect$$libinit$$0000001F  c_w.l(libinit2.o)
    0x0000020e   0x0000020e   0x00000000   Code   RO         3300    .ARM.Collect$$libinit$$00000021  c_w.l(libinit2.o)
    0x0000020e   0x0000020e   0x00000000   Code   RO         3302    .ARM.Collect$$libinit$$00000023  c_w.l(libinit2.o)
    0x0000020e   0x0000020e   0x00000004   Code   RO         3303    .ARM.Collect$$libinit$$00000024  c_w.l(libinit2.o)
    0x00000212   0x00000212   0x00000000   Code   RO         3304    .ARM.Collect$$libinit$$00000025  c_w.l(libinit2.o)
    0x00000212   0x00000212   0x00000000   Code   RO         3308    .ARM.Collect$$libinit$$0000002C  c_w.l(libinit2.o)
    0x00000212   0x00000212   0x00000000   Code   RO         3310    .ARM.Collect$$libinit$$0000002E  c_w.l(libinit2.o)
    0x00000212   0x00000212   0x00000000   Code   RO         3312    .ARM.Collect$$libinit$$00000030  c_w.l(libinit2.o)
    0x00000212   0x00000212   0x00000004   Code   RO         3313    .ARM.Collect$$libinit$$00000031  c_w.l(libinit2.o)
    0x00000216   0x00000216   0x00000000   Code   RO         3314    .ARM.Collect$$libinit$$00000032  c_w.l(libinit2.o)
    0x00000216   0x00000216   0x00000002   Code   RO         3315    .ARM.Collect$$libinit$$00000033  c_w.l(libinit2.o)
    0x00000218   0x00000218   0x00000000   Code   RO         3515    .ARM.Collect$$libshutdown$$00000002  c_w.l(libshutdown2.o)
    0x00000218   0x00000218   0x00000000   Code   RO         3517    .ARM.Collect$$libshutdown$$00000004  c_w.l(libshutdown2.o)
    0x00000218   0x00000218   0x00000000   Code   RO         3096    .ARM.Collect$$rtentry$$00000000  c_w.l(__rtentry.o)
    0x00000218   0x00000218   0x00000000   Code   RO         3401    .ARM.Collect$$rtentry$$00000002  c_w.l(__rtentry2.o)
    0x00000218   0x00000218   0x00000006   Code   RO         3413    .ARM.Collect$$rtentry$$00000004  c_w.l(__rtentry4.o)
    0x0000021e   0x0000021e   0x00000000   Code   RO         3403    .ARM.Collect$$rtentry$$00000009  c_w.l(__rtentry2.o)
    0x0000021e   0x0000021e   0x00000004   Code   RO         3404    .ARM.Collect$$rtentry$$0000000A  c_w.l(__rtentry2.o)
    0x00000222   0x00000222   0x00000000   Code   RO         3406    .ARM.Collect$$rtentry$$0000000C  c_w.l(__rtentry2.o)
    0x00000222   0x00000222   0x00000008   Code   RO         3407    .ARM.Collect$$rtentry$$0000000D  c_w.l(__rtentry2.o)
    0x0000022a   0x0000022a   0x00000002   PAD
    0x0000022c   0x0000022c   0x00000000   Code   RO         3578    .emb_text           c_w.l(maybetermalloc1.o)
    0x0000022c   0x0000022c   0x00000078   Code   RO         1470    .text               my_asm.o
    0x000002a4   0x000002a4   0x00000024   Code   RO         2438    .text               startup_LPC17xx.o
    0x000002c8   0x000002c8   0x00000014   Code   RO         2792    .text               c_w.l(fprintf.o)
    0x000002dc   0x000002dc   0x00000018   Code   RO         2796    .text               c_w.l(__2printf.o)
    0x000002f4   0x000002f4   0x00000008   Code   RO         3108    .text               c_w.l(rt_ddtor_pointer_addr.o)
    0x000002fc   0x000002fc   0x00000004   Code   RO         2437    .ARM.__at_0x02FC    startup_LPC17xx.o
    0x00000300   0x00000300   0x000000ee   Code   RO         2790    .text               c_w.l(lludivv7m.o)
    0x000003ee   0x000003ee   0x00000002   PAD
    0x000003f0   0x000003f0   0x0000002c   Code   RO         2794    .text               c_w.l(sprintf.o)
    0x0000041c   0x0000041c   0x00000078   Code   RO         2806    .text               c_w.l(_printf_dec.o)
    0x00000494   0x00000494   0x00000094   Code   RO         2826    .text               c_w.l(_printf_hex_int_ll_ptr.o)
    0x00000528   0x00000528   0x00000188   Code   RO         2846    .text               c_w.l(__printf_flags_ss_wp.o)
    0x000006b0   0x000006b0   0x0000003c   Code   RO         2852    .text               c_w.l(sscanf.o)
    0x000006ec   0x000006ec   0x0000002e   Code   RO         2872    .text               c_w.l(aeabi_atexit.o)
    0x0000071a   0x0000071a   0x00000002   PAD
    0x0000071c   0x0000071c   0x00000080   Code   RO         2875    .text               c_w.l(assert.o)
    0x0000079c   0x0000079c   0x0000003e   Code   RO         2879    .text               c_w.l(strlen.o)
    0x000007da   0x000007da   0x00000096   Code   RO         2881    .text               c_w.l(strncmp.o)
    0x00000870   0x00000870   0x00000080   Code   RO         2889    .text               c_w.l(strcmpv7m.o)
    0x000008f0   0x000008f0   0x00000024   Code   RO         2897    .text               c_w.l(init_aeabi.o)
    0x00000914   0x00000914   0x00000010   Code   RO         3097    .text               c_w.l(rt_ctype_table.o)
    0x00000924   0x00000924   0x00000008   Code   RO         3113    .text               c_w.l(rt_errno_addr.o)
    0x0000092c   0x0000092c   0x0000005e   Code   RO         3122    .text               c_w.l(h1_alloc.o)
    0x0000098a   0x0000098a   0x0000004e   Code   RO         3124    .text               c_w.l(h1_free.o)
    0x000009d8   0x000009d8   0x00000016   Code   RO         3180    .text               c_w.l(_rserrno.o)
    0x000009ee   0x000009ee   0x0000004e   Code   RO         3182    .text               c_w.l(_printf_pad.o)
    0x00000a3c   0x00000a3c   0x00000024   Code   RO         3184    .text               c_w.l(_printf_truncate.o)
    0x00000a60   0x00000a60   0x00000052   Code   RO         3186    .text               c_w.l(_printf_str.o)
    0x00000ab2   0x00000ab2   0x000000b2   Code   RO         3188    .text               c_w.l(_printf_intcommon.o)
    0x00000b64   0x00000b64   0x00000028   Code   RO         3190    .text               c_w.l(_printf_charcount.o)
    0x00000b8c   0x00000b8c   0x00000030   Code   RO         3192    .text               c_w.l(_printf_char_common.o)
    0x00000bbc   0x00000bbc   0x0000000a   Code   RO         3194    .text               c_w.l(_sputc.o)
    0x00000bc6   0x00000bc6   0x00000002   PAD
    0x00000bc8   0x00000bc8   0x00000024   Code   RO         3196    .text               c_w.l(_printf_char_file.o)
    0x00000bec   0x00000bec   0x000000bc   Code   RO         3198    .text               c_w.l(_printf_wctomb.o)
    0x00000ca8   0x00000ca8   0x0000007c   Code   RO         3201    .text               c_w.l(_printf_longlong_dec.o)
    0x00000d24   0x00000d24   0x00000070   Code   RO         3207    .text               c_w.l(_printf_oct_int_ll.o)
    0x00000d94   0x00000d94   0x00000156   Code   RO         3230    .text               c_w.l(_scanf_longlong.o)
    0x00000eea   0x00000eea   0x0000014c   Code   RO         3232    .text               c_w.l(_scanf_int.o)
    0x00001036   0x00001036   0x000000e0   Code   RO         3234    .text               c_w.l(_scanf_str.o)
    0x00001116   0x00001116   0x00000002   PAD
    0x00001118   0x00001118   0x0000002c   Code   RO         3236    .text               c_w.l(scanf_char.o)
    0x00001144   0x00001144   0x00000040   Code   RO         3238    .text               c_w.l(_sgetc.o)
    0x00001184   0x00001184   0x00000114   Code   RO         3242    .text               c_w.l(_scanf_mbtowc.o)
    0x00001298   0x00001298   0x000000e8   Code   RO         3244    .text               c_w.l(_scanf_wctomb.o)
    0x00001380   0x00001380   0x000000d0   Code   RO         3246    .text               c_w.l(_scanf_wstr.o)
    0x00001450   0x00001450   0x00000138   Code   RO         3252    .text               c_w.l(initio.o)
    0x00001588   0x00001588   0x00000016   Code   RO         3258    .text               c_w.l(abort.o)
    0x0000159e   0x0000159e   0x00000042   Code   RO         3260    .text               c_w.l(cxa_finalize.o)
    0x000015e0   0x000015e0   0x00000004   Code   RO         3316    .text               cpprt_w.l(arm_bad_typeid_noexceptions.o)
    0x000015e4   0x000015e4   0x0000000e   Code   RO         3391    .text               c_w.l(sys_wrch.o)
    0x000015f2   0x000015f2   0x00000002   PAD
    0x000015f4   0x000015f4   0x0000000c   Code   RO         3393    .text               c_w.l(sys_exit.o)
    0x00001600   0x00001600   0x00000008   Code   RO         3419    .text               c_w.l(rt_heap_descriptor.o)
    0x00001608   0x00001608   0x00000008   Code   RO         3424    .text               c_w.l(rt_locale.o)
    0x00001610   0x00001610   0x00000004   Code   RO         3429    .text               c_w.l(hguard.o)
    0x00001614   0x00001614   0x0000008a   Code   RO         3431    .text               c_w.l(init_alloc.o)
    0x0000169e   0x0000169e   0x0000000e   Code   RO         3435    .text               c_w.l(h1_init.o)
    0x000016ac   0x000016ac   0x0000008a   Code   RO         3449    .text               c_w.l(lludiv10.o)
    0x00001736   0x00001736   0x00000012   Code   RO         3451    .text               c_w.l(isspace.o)
    0x00001748   0x00001748   0x0000041e   Code   RO         3453    .text               c_w.l(_printf_fp_dec.o)
    0x00001b66   0x00001b66   0x00000002   PAD
    0x00001b68   0x00001b68   0x000002fc   Code   RO         3455    .text               c_w.l(_printf_fp_hex.o)
    0x00001e64   0x00001e64   0x0000002c   Code   RO         3460    .text               c_w.l(_printf_char.o)
    0x00001e90   0x00001e90   0x0000002c   Code   RO         3462    .text               c_w.l(_printf_wchar.o)
    0x00001ebc   0x00001ebc   0x0000001c   Code   RO         3464    .text               c_w.l(_chval.o)
    0x00001ed8   0x00001ed8   0x00000374   Code   RO         3466    .text               c_w.l(_scanf.o)
    0x0000224c   0x0000224c   0x000004f8   Code   RO         3468    .text               c_w.l(scanf_fp.o)
    0x00002744   0x00002744   0x0000001e   Code   RO         3470    .text               c_w.l(_scanf_wcharmap.o)
    0x00002762   0x00002762   0x00000008   Code   RO         3472    .text               c_w.l(ferror.o)
    0x0000276a   0x0000276a   0x000001d6   Code   RO         3474    .text               c_w.l(flsbuf.o)
    0x00002940   0x00002940   0x00000046   Code   RO         3476    .text               c_w.l(setvbuf.o)
    0x00002986   0x00002986   0x00000002   PAD
    0x00002988   0x00002988   0x000000ec   Code   RO         3479    .text               c_w.l(fopen.o)
    0x00002a74   0x00002a74   0x0000004c   Code   RO         3481    .text               c_w.l(fclose.o)
    0x00002ac0   0x00002ac0   0x0000003c   Code   RO         3489    .text               c_w.l(_mbrtowc.o)
    0x00002afc   0x00002afc   0x00000040   Code   RO         3491    .text               c_w.l(_wcrtomb.o)
    0x00002b3c   0x00002b3c   0x0000000a   Code   RO         3496    .text               c_w.l(defsig_exit.o)
    0x00002b46   0x00002b46   0x0000000e   Code   RO         3498    .text               c_w.l(defsig_abrt_outer.o)
    0x00002b54   0x00002b54   0x0000000e   Code   RO         3502    .text               c_w.l(defsig_rtred_outer.o)
    0x00002b62   0x00002b62   0x0000004e   Code   RO         3508    .text               c_w.l(rt_memclr_w.o)
    0x00002bb0   0x00002bb0   0x0000001a   Code   RO         3555    .text               cpprt_w.l(arm_exceptions_terminate.o)
    0x00002bca   0x00002bca   0x00000002   PAD
    0x00002bcc   0x00002bcc   0x00000050   Code   RO         3558    .text               cpprt_w.l(arm_exceptions_globs.o)
    0x00002c1c   0x00002c1c   0x00000002   Code   RO         3568    .text               c_w.l(use_no_semi.o)
    0x00002c1e   0x00002c1e   0x00000000   Code   RO         3570    .text               c_w.l(indicate_semi.o)
    0x00002c1e   0x00002c1e   0x00000002   PAD
    0x00002c20   0x00002c20   0x00000008   Code   RO         3571    .text               c_w.l(rt_eh_globals_addr.o)
    0x00002c28   0x00002c28   0x00000034   Code   RO         3580    .text               c_w.l(h1_extend.o)
    0x00002c5c   0x00002c5c   0x00000080   Code   RO         3584    .text               c_w.l(_printf_fp_infnan.o)
    0x00002cdc   0x00002cdc   0x000000e4   Code   RO         3588    .text               c_w.l(bigflt0.o)
    0x00002dc0   0x00002dc0   0x000000f8   Code   RO         3613    .text               c_w.l(fseek.o)
    0x00002eb8   0x00002eb8   0x000000f0   Code   RO         3615    .text               c_w.l(stdio.o)
    0x00002fa8   0x00002fa8   0x00000032   Code   RO         3626    .text               c_w.l(defsig_general.o)
    0x00002fda   0x00002fda   0x00000002   PAD
    0x00002fdc   0x00002fdc   0x00000030   Code   RO         3628    .text               c_w.l(defsig_abrt_inner.o)
    0x0000300c   0x0000300c   0x00000034   Code   RO         3634    .text               c_w.l(defsig_rtred_inner.o)
    0x00003040   0x00003040   0x0000000e   Code   RO         3636    .text               c_w.l(defsig_rtmem_outer.o)
    0x0000304e   0x0000304e   0x00000002   PAD
    0x00003050   0x00003050   0x00000018   Code   RO         3640    .text               c_w.l(assert_stdio.o)
    0x00003068   0x00003068   0x00000050   Code   RO         3642    .text               c_w.l(heapauxa.o)
    0x000030b8   0x000030b8   0x0000003c   Code   RO         3660    .text               cpprt_w.l(arm_exceptions_mem.o)
    0x000030f4   0x000030f4   0x00000320   Code   RO         3692    .text               c_w.l(scanf_hexfp.o)
    0x00003414   0x00003414   0x00000134   Code   RO         3694    .text               c_w.l(scanf_infnan.o)
    0x00003548   0x00003548   0x00000064   Code   RO         3696    .text               c_w.l(fflush.o)
    0x000035ac   0x000035ac   0x00000022   Code   RO         3698    .text               c_w.l(fputs.o)
    0x000035ce   0x000035ce   0x00000042   Code   RO         3700    .text               c_w.l(ftell.o)
    0x00003610   0x00003610   0x00000050   Code   RO         3710    .text               c_w.l(defsig_rtmem_inner.o)
    0x00003660   0x00003660   0x00000026   Code   RO         3730    .text               c_w.l(llshl.o)
    0x00003686   0x00003686   0x0000003e   Code   RO         3591    CL$$btod_d2e        c_w.l(btod.o)
    0x000036c4   0x000036c4   0x00000046   Code   RO         3593    CL$$btod_d2e_denorm_low  c_w.l(btod.o)
    0x0000370a   0x0000370a   0x00000060   Code   RO         3592    CL$$btod_d2e_norm_op1  c_w.l(btod.o)
    0x0000376a   0x0000376a   0x00000338   Code   RO         3601    CL$$btod_div_common  c_w.l(btod.o)
    0x00003aa2   0x00003aa2   0x00000002   PAD
    0x00003aa4   0x00003aa4   0x00000084   Code   RO         3599    CL$$btod_e2d        c_w.l(btod.o)
    0x00003b28   0x00003b28   0x000000dc   Code   RO         3598    CL$$btod_e2e        c_w.l(btod.o)
    0x00003c04   0x00003c04   0x0000002a   Code   RO         3595    CL$$btod_ediv       c_w.l(btod.o)
    0x00003c2e   0x00003c2e   0x0000002a   Code   RO         3597    CL$$btod_edivd      c_w.l(btod.o)
    0x00003c58   0x00003c58   0x0000002a   Code   RO         3594    CL$$btod_emul       c_w.l(btod.o)
    0x00003c82   0x00003c82   0x0000002a   Code   RO         3596    CL$$btod_emuld      c_w.l(btod.o)
    0x00003cac   0x00003cac   0x00000244   Code   RO         3600    CL$$btod_mult_common  c_w.l(btod.o)
    0x00003ef0   0x00003ef0   0x00000040   Code   RO         1952    i.EINT3_IRQHandler  basic_rf.o
    0x00003f30   0x00003f30   0x00000078   Code   RO         2441    i.SystemInit        system_LPC17xx.o
    0x00003fa8   0x00003fa8   0x0000001c   Code   RO          321    i.TIMER0_IRQHandler  nrk_timer.o
    0x00003fc4   0x00003fc4   0x00000018   Code   RO          322    i.TIMER1_IRQHandler  nrk_timer.o
    0x00003fdc   0x00003fdc   0x0000001c   Code   RO         2218    i._Z10mrf_cs_seth   mrf24j40.o
    0x00003ff8   0x00003ff8   0x00000020   Code   RO         1188    i._Z11GPIO_SetDirhjh  ulib.o
    0x00004018   0x00004018   0x00000018   Code   RO         1189    i._Z11GPIO_Togglehj  ulib.o
    0x00004030   0x00004030   0x00000028   Code   RO         1193    i._Z11set_PinFunchhh  ulib.o
    0x00004058   0x00004058   0x00000184   Code   RO          528    i._Z12nrk_TCB_initP9task_typePjS1_tPvt  nrk.o
    0x000041dc   0x000041dc   0x00000048   Code   RO         1199    i._Z12setupSPIPinsv  ulib.o
    0x00004224   0x00004224   0x0000004c   Code   RO         2223    i._Z13mrf_read_longt  mrf24j40.o
    0x00004270   0x00004270   0x0000001c   Code   RO         2226    i._Z13mrf_spi_writet  mrf24j40.o
    0x0000428c   0x0000428c   0x00000018   Code   RO          710    i._Z13nrk_error_addh  nrk_error.o
    0x000042a4   0x000042a4   0x00000020   Code   RO          907    i._Z13nrk_idle_taskv  nrk_idle_task.o
    0x000042c4   0x000042c4   0x00000016   Code   RO          323    i._Z14NVIC_EnableIRQ4IRQn  nrk_timer.o
    0x000042da   0x000042da   0x00000002   PAD
    0x000042dc   0x000042dc   0x00000294   Code   RO          926    i._Z14_nrk_schedulerv  nrk_scheduler.o
    0x00004570   0x00004570   0x0000003e   Code   RO         2228    i._Z14mrf_read_shorth  mrf24j40.o
    0x000045ae   0x000045ae   0x00000004   Code   RO          529    i._Z14nrk_int_enablev  nrk.o
    0x000045b2   0x000045b2   0x0000002c   Code   RO         1204    i._Z14nrk_led_togglei  ulib.o
    0x000045de   0x000045de   0x00000002   Code   RO         1655    i._Z14rf_rx_callbackP10RF_RX_INFO  bmac.o
    0x000045e0   0x000045e0   0x00000046   Code   RO         1206    i._Z14setup_uartPinsv  ulib.o
    0x00004626   0x00004626   0x00000014   Code   RO         1207    i._Z15GPIO_ClearValuehj  ulib.o
    0x0000463a   0x0000463a   0x00000002   PAD
    0x0000463c   0x0000463c   0x00000034   Code   RO         1208    i._Z15GPIO_GetPointerh  ulib.o
    0x00004670   0x00004670   0x00000040   Code   RO         2230    i._Z15mrf_write_shorthh  mrf24j40.o
    0x000046b0   0x000046b0   0x00000042   Code   RO         1209    i._Z15nrk_gpio_togglej  ulib.o
    0x000046f2   0x000046f2   0x00000004   Code   RO          530    i._Z15nrk_int_disablev  nrk.o
    0x000046f6   0x000046f6   0x00000004   Code   RO         1210    i._Z15nrk_setup_portsv  ulib.o
    0x000046fa   0x000046fa   0x00000026   Code   RO         1211    i._Z16PINSEL_ConfigPinP15PINSEL_CFG_Type  ulib.o
    0x00004720   0x00004720   0x00000098   Code   RO          324    i._Z16_nrk_setup_timerv  nrk_timer.o
    0x000047b8   0x000047b8   0x00000004   Code   RO          325    i._Z16nrk_spin_wait_usj  nrk_timer.o
    0x000047bc   0x000047bc   0x0000000a   Code   RO            2    i._Z16nrk_target_startv  nrk_cpu.o
    0x000047c6   0x000047c6   0x0000001e   Code   RO            3    i._Z16nrk_task_set_stkP9task_typePjt  nrk_cpu.o
    0x000047e4   0x000047e4   0x00000028   Code   RO         1213    i._Z16set_ResistorModehhh  ulib.o
    0x0000480c   0x0000480c   0x0000000a   Code   RO          326    i._Z17_nrk_os_timer_getv  nrk_timer.o
    0x00004816   0x00004816   0x00000002   PAD
    0x00004818   0x00004818   0x00000074   Code   RO          988    i._Z17nrk_activate_taskP9task_type  nrk_task.o
    0x0000488c   0x0000488c   0x000000b8   Code   RO          989    i._Z17nrk_add_to_readyQa  nrk_task.o
    0x00004944   0x00004944   0x00000080   Code   RO            4    i._Z17nrk_task_stk_initPFvvEPjS1_  nrk_cpu.o
    0x000049c4   0x000049c4   0x00000024   Code   RO         1215    i._Z17set_OpenDrainModehhh  ulib.o
    0x000049e8   0x000049e8   0x00000040   Code   RO         1109    i._Z18_nrk_time_to_ticksP10nrk_time_t  nrk_time.o
    0x00004a28   0x00004a28   0x000000c4   Code   RO         2367    i._Z18nrk_create_tasksetv  main.o
    0x00004aec   0x00004aec   0x000000b0   Code   RO         1973    i._Z18rf_parse_rx_packetv  basic_rf.o
    0x00004b9c   0x00004b9c   0x00000010   Code   RO          331    i._Z19_nrk_os_timer_resetv  nrk_timer.o
    0x00004bac   0x00004bac   0x0000000e   Code   RO          332    i._Z19_nrk_os_timer_startv  nrk_timer.o
    0x00004bba   0x00004bba   0x00000002   PAD
    0x00004bbc   0x00004bbc   0x00000054   Code   RO          992    i._Z19nrk_rem_from_readyQa  nrk_task.o
    0x00004c10   0x00004c10   0x0000000c   Code   RO          335    i._Z20_nrk_get_next_wakeupv  nrk_timer.o
    0x00004c1c   0x00004c1c   0x0000000a   Code   RO          336    i._Z20_nrk_set_next_wakeuph  nrk_timer.o
    0x00004c26   0x00004c26   0x00000002   PAD
    0x00004c28   0x00004c28   0x0000000c   Code   RO          714    i._Z20nrk_kernel_error_addhh  nrk_error.o
    0x00004c34   0x00004c34   0x00000078   Code   RO            5    i._Z22nrk_stack_pointer_initv  nrk_cpu.o
    0x00004cac   0x00004cac   0x00000014   Code   RO         1092    i._Z23_nrk_wait_for_schedulerv  nrk_task.o
    0x00004cc0   0x00004cc0   0x00000014   Code   RO          338    i._Z25_nrk_high_speed_timer_getv  nrk_timer.o
    0x00004cd4   0x00004cd4   0x00000032   Code   RO          339    i._Z25nrk_high_speed_timer_waittt  nrk_timer.o
    0x00004d06   0x00004d06   0x00000002   PAD
    0x00004d08   0x00004d08   0x00000070   Code   RO            6    i._Z25nrk_stack_pointer_restorev  nrk_cpu.o
    0x00004d78   0x00004d78   0x0000000c   Code   RO          995    i._Z26nrk_get_high_ready_task_IDv  nrk_task.o
    0x00004d84   0x00004d84   0x00000044   Code   RO          996    i._Z26nrk_wait_until_next_periodv  nrk_task.o
    0x00004dc8   0x00004dc8   0x00000018   Code   RO          341    i._Z27_nrk_high_speed_timer_resetv  nrk_timer.o
    0x00004de0   0x00004de0   0x00000004   Code   RO            7    i._Z27nrk_task_set_entry_functionP9task_typePFvvE  nrk_cpu.o
    0x00004de4   0x00004de4   0x00000078   Code   RO         2368    i._Z5Task1v         main.o
    0x00004e5c   0x00004e5c   0x0000007c   Code   RO         2369    i._Z5Task2v         main.o
    0x00004ed8   0x00004ed8   0x00000078   Code   RO         2370    i._Z5Task3v         main.o
    0x00004f50   0x00004f50   0x000000a0   Code   RO         1225    i._Z7initLEDv       ulib.o
    0x00004ff0   0x00004ff0   0x000000ac   Code   RO          532    i._Z8nrk_initv      nrk.o
    0x0000509c   0x0000509c   0x0000001c   Code   RO         1986    i._Z8rf_rx_onv      basic_rf.o
    0x000050b8   0x000050b8   0x00000016   Code   RO         1226    i._Z9PORT_INITv     ulib.o
    0x000050ce   0x000050ce   0x00000002   PAD
    0x000050d0   0x000050d0   0x0000009c   Code   RO         1228    i._Z9initDEBUGv     ulib.o
    0x0000516c   0x0000516c   0x00000088   Code   RO          533    i._Z9nrk_startv     nrk.o
    0x000051f4   0x000051f4   0x0000001c   Code   RO         1987    i._Z9rf_rx_offv     basic_rf.o
    0x00005210   0x00005210   0x00000046   Code   RO         2917    i._ZN27_INTERNAL_6_rtti_c_066a44b012tbc_downcastEPvPKSt9type_infoP28a_base_class_traversal_blockPN10__cxxabiv122__base_class_type_infoE  cpprt_w.l(rtti.o)
    0x00005256   0x00005256   0x00000016   Code   RO         2918    i._ZN27_INTERNAL_6_rtti_c_066a44b017tbc_post_downcastEPvPKSt9type_infoP28a_base_class_traversal_blockPN10__cxxabiv122__base_class_type_infoE  cpprt_w.l(rtti.o)
    0x0000526c   0x0000526c   0x000000a4   Code   RO         2919    i._ZN27_INTERNAL_6_rtti_c_066a44b021traverse_base_classesEPvPKSt9type_infoP28a_base_class_traversal_blockPN10__cxxabiv122__base_class_type_infoE  cpprt_w.l(rtti.o)
    0x00005310   0x00005310   0x000000c0   Code   RO         2920    i._ZN27_INTERNAL_6_rtti_c_066a44b023find_base_class_at_addrEPvS0_PKSt9type_infoS3_Pi  cpprt_w.l(rtti.o)
    0x000053d0   0x000053d0   0x0000000e   Code   RO         2921    i._ZN27_INTERNAL_6_rtti_c_066a44b024get_virtual_base_pointerEPvPN10__cxxabiv122__base_class_type_infoE  cpprt_w.l(rtti.o)
    0x000053de   0x000053de   0x00000002   PAD
    0x000053e0   0x000053e0   0x000001e4   Code   RO         2922    i._ZN27_INTERNAL_6_rtti_c_066a44b028derived_to_base_conversion_rEPvPS0_PKSt9type_infoS4_jPiiPS4_P19a_result_virtualityS5_  cpprt_w.l(rtti.o)
    0x000055c4   0x000055c4   0x00000020   Code   RO         2547    i._ZN4mbed10DigitalOutC1E7PinNamePKc  mbed.ar(DigitalOut.cpp.lpc1768.arm.o)
    0x000055e4   0x000055e4   0x0000000e   Code   RO         2592    i._ZN4mbed10DigitalOutD0Ev  mbed.ar(DigitalOut.cpp.lpc1768.arm.o)
    0x000055f2   0x000055f2   0x00000004   Code   RO         2577    i._ZN4mbed10DigitalOutD1Ev  mbed.ar(DigitalOut.cpp.lpc1768.arm.o)
    0x000055f6   0x000055f6   0x0000000e   Code   RO         2549    i._ZN4mbed10DigitalOutaSEi  mbed.ar(DigitalOut.cpp.lpc1768.arm.o)
    0x00005604   0x00005604   0x00000030   Code   RO         2466    i._ZN4mbed4Base5clearEPKcPc  mbed.ar(Base.cpp.lpc1768.arm.o)
    0x00005634   0x00005634   0x00000038   Code   RO         2467    i._ZN4mbed4Base6lookupEPKcj  mbed.ar(Base.cpp.lpc1768.arm.o)
    0x0000566c   0x0000566c   0x00000040   Code   RO         2470    i._ZN4mbed4Base9list_objsEPKcPc  mbed.ar(Base.cpp.lpc1768.arm.o)
    0x000056ac   0x000056ac   0x00000024   Code   RO         2471    i._ZN4mbed4BaseC1EPKc  mbed.ar(Base.cpp.lpc1768.arm.o)
    0x000056d0   0x000056d0   0x00000034   Code   RO         2472    i._ZN4mbed4BaseD0Ev  mbed.ar(Base.cpp.lpc1768.arm.o)
    0x00005704   0x00005704   0x00000038   Code   RO         2473    i._ZN4mbed4BaseD1Ev  mbed.ar(Base.cpp.lpc1768.arm.o)
    0x0000573c   0x0000573c   0x00000020   Code   RO         3345    i._ZNKSt9type_infoeqERKS_  cpprt_w.l(type_info_eq.o)
    0x0000575c   0x0000575c   0x00000008   Code   RO         2900    i._ZdaPv            cpprt_w.l(array_del.o)
    0x00005764   0x00005764   0x00000008   Code   RO         2907    i._ZdlPv            cpprt_w.l(delete.o)
    0x0000576c   0x0000576c   0x00000020   Code   RO         2945    i.__ARM_common_get_typeid  cpprt_w.l(rtti.o)
    0x0000578c   0x0000578c   0x00000028   Code   RO         3682    i.__ARM_fpclassify  m_ws.l(fpclassify.o)
    0x000057b4   0x000057b4   0x00000070   Code   RO         2923    i.__derived_to_base_conversion  cpprt_w.l(rtti.o)
    0x00005824   0x00005824   0x000000b4   Code   RO         2924    i.__dynamic_cast    cpprt_w.l(rtti.o)
    0x000058d8   0x000058d8   0x0000000e   Code   RO         3764    i.__mathlib_dbl_overflow  m_ws.l(dunder.o)
    0x000058e6   0x000058e6   0x00000002   PAD
    0x000058e8   0x000058e8   0x00000010   Code   RO         3766    i.__mathlib_dbl_underflow  m_ws.l(dunder.o)
    0x000058f8   0x000058f8   0x0000000a   Code   RO         3381    i.__mathlib_flt_overflow  m_ws.l(funder.o)
    0x00005902   0x00005902   0x0000000a   Code   RO         3383    i.__mathlib_flt_underflow  m_ws.l(funder.o)
    0x0000590c   0x0000590c   0x00000010   Code   RO         3684    i.__mathlib_narrow  m_ws.l(narrow.o)
    0x0000591c   0x0000591c   0x000000bc   Code   RO         3685    i.__mathlib_tofloat  m_ws.l(narrow.o)
    0x000059d8   0x000059d8   0x00000054   Code   RO         2371    i.__sti___8_main_cpp_task1  main.o
    0x00005a2c   0x00005a2c   0x00000016   Code   RO         3747    i.__support_ldexp   m_ws.l(ldexp.o)
    0x00005a42   0x00005a42   0x00000002   PAD
    0x00005a44   0x00005a44   0x0000000c   Code   RO         2445    i.__user_setup_stackheap  stackheap.o
    0x00005a50   0x00005a50   0x0000000e   Code   RO         2839    i._is_digit         c_w.l(__printf_wp.o)
    0x00005a5e   0x00005a5e   0x00000004   Code   RO          534    i._nrk_timer_tick   nrk.o
    0x00005a62   0x00005a62   0x00000002   PAD
    0x00005a64   0x00005a64   0x0000002c   Code   RO         2615    i._sys_close        mbed.ar(stdio.cpp.lpc1768.arm.o)
    0x00005a90   0x00005a90   0x00000028   Code   RO         2618    i._sys_flen         mbed.ar(stdio.cpp.lpc1768.arm.o)
    0x00005ab8   0x00005ab8   0x00000028   Code   RO         2619    i._sys_istty        mbed.ar(stdio.cpp.lpc1768.arm.o)
    0x00005ae0   0x00005ae0   0x00000184   Code   RO         2620    i._sys_open         mbed.ar(stdio.cpp.lpc1768.arm.o)
    0x00005c64   0x00005c64   0x0000002c   Code   RO         2622    i._sys_seek         mbed.ar(stdio.cpp.lpc1768.arm.o)
    0x00005c90   0x00005c90   0x00000054   Code   RO         2623    i._sys_write        mbed.ar(stdio.cpp.lpc1768.arm.o)
    0x00005ce4   0x00005ce4   0x00000016   Code   RO         2752    i.exit              capi.ar(exit.c.lpc1768.arm.o)
    0x00005cfa   0x00005cfa   0x0000001a   Code   RO         3249    i.fputc             c_w.l(fputc.o)
    0x00005d14   0x00005d14   0x00000058   Code   RO         3723    i.frexp             m_ws.l(frexp.o)
    0x00005d6c   0x00005d6c   0x00000030   Code   RO         2602    i.gpio_output       capi.ar(gpio_api.c.lpc1768.arm.o)
    0x00005d9c   0x00005d9c   0x00000018   Code   RO         2604    i.gpio_write        capi.ar(gpio_api.c.lpc1768.arm.o)
    0x00005db4   0x00005db4   0x00000074   Code   RO         3748    i.ldexp             m_ws.l(ldexp.o)
    0x00005e28   0x00005e28   0x00000038   Code   RO         2372    i.main              main.o
    0x00005e60   0x00005e60   0x00000078   Code   RO         2754    i.mbed_die          capi.ar(utils_api.c.lpc1768.arm.o)
    0x00005ed8   0x00005ed8   0x00000038   Code   RO         2742    i.pin_function      capi.ar(pinmap.c.lpc1768.arm.o)
    0x00005f10   0x00005f10   0x00000038   Code   RO         2743    i.pin_mode          capi.ar(pinmap.c.lpc1768.arm.o)
    0x00005f48   0x00005f48   0x0000003c   Code   RO         2744    i.pinmap_merge      capi.ar(pinmap.c.lpc1768.arm.o)
    0x00005f84   0x00005f84   0x00000058   Code   RO         2745    i.pinmap_peripheral  capi.ar(pinmap.c.lpc1768.arm.o)
    0x00005fdc   0x00005fdc   0x000000a4   Code   RO         2746    i.pinmap_pinout     capi.ar(pinmap.c.lpc1768.arm.o)
    0x00006080   0x00006080   0x00000054   Code   RO         3089    i.scalbnf           m_ws.l(scalbnf.o)
    0x000060d4   0x000060d4   0x0000000c   Code   RO         2764    i.semihost_exit     capi.ar(semihost_api.c.lpc1768.arm.o)
    0x000060e0   0x000060e0   0x00000100   Code   RO         2721    i.serial_baud       capi.ar(serial_api.c.lpc1768.arm.o)
    0x000061e0   0x000061e0   0x00000094   Code   RO         2723    i.serial_format     capi.ar(serial_api.c.lpc1768.arm.o)
    0x00006274   0x00006274   0x000000e4   Code   RO         2726    i.serial_init       capi.ar(serial_api.c.lpc1768.arm.o)
    0x00006358   0x00006358   0x0000000c   Code   RO         2728    i.serial_putc       capi.ar(serial_api.c.lpc1768.arm.o)
    0x00006364   0x00006364   0x00000014   Code   RO         2708    i.timer_frequency   capi.ar(timer_api.c.lpc1768.arm.o)
    0x00006378   0x00006378   0x00000070   Code   RO         2709    i.timer_init        capi.ar(timer_api.c.lpc1768.arm.o)
    0x000063e8   0x000063e8   0x00000004   Code   RO         2710    i.timer_read        capi.ar(timer_api.c.lpc1768.arm.o)
    0x000063ec   0x000063ec   0x0000000c   Code   RO         2711    i.timer_start       capi.ar(timer_api.c.lpc1768.arm.o)
    0x000063f8   0x000063f8   0x00000038   Code   RO         2610    i.us_ticker_read    capi.ar(us_ticker_api.c.lpc1768.arm.o)
    0x00006430   0x00006430   0x0000001c   Code   RO         2455    i.wait_ms           capi.ar(wait_api.c.lpc1768.arm.o)
    0x0000644c   0x0000644c   0x00000016   Code   RO         2456    i.wait_us           capi.ar(wait_api.c.lpc1768.arm.o)
    0x00006462   0x00006462   0x00000002   PAD
    0x00006464   0x00006464   0x0000002c   Code   RO         3494    locale$$code        c_w.l(lc_ctype_c.o)
    0x00006490   0x00006490   0x0000002c   Code   RO         3622    locale$$code        c_w.l(lc_numeric_c.o)
    0x000064bc   0x000064bc   0x00000062   Code   RO         3714    x$fpl$d2f           fz_ws.l(d2f.o)
    0x0000651e   0x0000651e   0x00000002   PAD
    0x00006520   0x00006520   0x00000010   Code   RO         3758    x$fpl$dcheck1       fz_ws.l(dcheck1.o)
    0x00006530   0x00006530   0x00000018   Code   RO         3740    x$fpl$dcmpinf       fz_ws.l(dcmpi.o)
    0x00006548   0x00006548   0x00000078   Code   RO         3716    x$fpl$deqf          fz_ws.l(deqf.o)
    0x000065c0   0x000065c0   0x00000078   Code   RO         3742    x$fpl$dleqf         fz_ws.l(dleqf.o)
    0x00006638   0x00006638   0x0000009c   Code   RO         3354    x$fpl$dnaninf       fz_ws.l(dnaninf.o)
    0x000066d4   0x000066d4   0x0000006c   Code   RO         3718    x$fpl$drleqf        fz_ws.l(drleqf.o)
    0x00006740   0x00006740   0x000000c4   Code   RO         3062    x$fpl$fadd          fz_ws.l(faddsub_clz.o)
    0x00006804   0x00006804   0x0000000c   Code   RO         3564    x$fpl$fcheck1       fz_ws.l(fcheck1.o)
    0x00006810   0x00006810   0x00000184   Code   RO         3069    x$fpl$fdiv          fz_ws.l(fdiv.o)
    0x00006994   0x00006994   0x00000036   Code   RO         3072    x$fpl$ffix          fz_ws.l(ffix.o)
    0x000069ca   0x000069ca   0x00000002   PAD
    0x000069cc   0x000069cc   0x00000030   Code   RO         3081    x$fpl$fflt          fz_ws.l(fflt_clz.o)
    0x000069fc   0x000069fc   0x00000026   Code   RO         3080    x$fpl$ffltu         fz_ws.l(fflt_clz.o)
    0x00006a22   0x00006a22   0x00000002   PAD
    0x00006a24   0x00006a24   0x00000102   Code   RO         3086    x$fpl$fmul          fz_ws.l(fmul.o)
    0x00006b26   0x00006b26   0x0000008c   Code   RO         3358    x$fpl$fnaninf       fz_ws.l(fnaninf.o)
    0x00006bb2   0x00006bb2   0x0000000a   Code   RO         3360    x$fpl$fretinf       fz_ws.l(fretinf.o)
    0x00006bbc   0x00006bbc   0x000000ea   Code   RO         3064    x$fpl$fsub          fz_ws.l(faddsub_clz.o)
    0x00006ca6   0x00006ca6   0x00000006   Code   RO         3362    x$fpl$ieeestatus    fz_ws.l(istatus.o)
    0x00006cac   0x00006cac   0x00000004   Code   RO         3364    x$fpl$printf1       fz_ws.l(printf1.o)
    0x00006cb0   0x00006cb0   0x00000004   Code   RO         3366    x$fpl$printf2       fz_ws.l(printf2.o)
    0x00006cb4   0x00006cb4   0x00000064   Code   RO         3674    x$fpl$retnan        fz_ws.l(retnan.o)
    0x00006d18   0x00006d18   0x0000005c   Code   RO         3744    x$fpl$scalbn        fz_ws.l(scalbn.o)
    0x00006d74   0x00006d74   0x0000004c   Code   RO         3372    x$fpl$scalbnf       fz_ws.l(scalbnf.o)
    0x00006dc0   0x00006dc0   0x00000004   Code   RO         3374    x$fpl$scanf1        fz_ws.l(scanf1.o)
    0x00006dc4   0x00006dc4   0x00000008   Code   RO         3676    x$fpl$scanf2        fz_ws.l(scanf2.o)
    0x00006dcc   0x00006dcc   0x00000030   Code   RO         3720    x$fpl$trapveneer    fz_ws.l(trapv.o)
    0x00006dfc   0x00006dfc   0x00000000   Code   RO         3376    x$fpl$usenofp       fz_ws.l(usenofp.o)
    0x00006dfc   0x00006dfc   0x00000018   Data   RO         2493    .constdata          mbed.ar(Base.cpp.lpc1768.arm.o)
    0x00006e14   0x00006e14   0x00000017   Data   RO         2674    .constdata          mbed.ar(stdio.cpp.lpc1768.arm.o)
    0x00006e2b   0x00006e2b   0x00000001   PAD
    0x00006e2c   0x00006e2c   0x00000154   Data   RO         2731    .constdata          capi.ar(serial_api.c.lpc1768.arm.o)
    0x00006f80   0x00006f80   0x00000028   Data   RO         2827    .constdata          c_w.l(_printf_hex_int_ll_ptr.o)
    0x00006fa8   0x00006fa8   0x00000011   Data   RO         2847    .constdata          c_w.l(__printf_flags_ss_wp.o)
    0x00006fb9   0x00006fb9   0x00000003   PAD
    0x00006fbc   0x00006fbc   0x00000008   Data   RO         3199    .constdata          c_w.l(_printf_wctomb.o)
    0x00006fc4   0x00006fc4   0x00000026   Data   RO         3456    .constdata          c_w.l(_printf_fp_hex.o)
    0x00006fea   0x00006fea   0x00000002   PAD
    0x00006fec   0x00006fec   0x00000094   Data   RO         3589    .constdata          c_w.l(bigflt0.o)
    0x00007080   0x00007080   0x0000000c   Data   RO         3035    .constdata__ZTIN10__cxxabiv117__class_type_infoE  cpprt_w.l(lib_rtti_impl.o)
    0x0000708c   0x0000708c   0x0000000c   Data   RO         3036    .constdata__ZTIN10__cxxabiv120__si_class_type_infoE  cpprt_w.l(lib_rtti_impl.o)
    0x00007098   0x00007098   0x0000000c   Data   RO         3037    .constdata__ZTIN10__cxxabiv121__vmi_class_type_infoE  cpprt_w.l(lib_rtti_impl.o)
    0x000070a4   0x000070a4   0x0000000c   Data   RO         2598    .constdata__ZTIN4mbed10DigitalOutE  mbed.ar(DigitalOut.cpp.lpc1768.arm.o)
    0x000070b0   0x000070b0   0x00000008   Data   RO         2704    .constdata__ZTIN4mbed10FileHandleE  mbed.ar(stdio.cpp.lpc1768.arm.o)
    0x000070b8   0x000070b8   0x0000000c   Data   RO         2541    .constdata__ZTIN4mbed14FileSystemLikeE  mbed.ar(Base.cpp.lpc1768.arm.o)
    0x000070c4   0x000070c4   0x00000008   Data   RO         2518    .constdata__ZTIN4mbed4BaseE  mbed.ar(Base.cpp.lpc1768.arm.o)
    0x000070cc   0x000070cc   0x00000020   Data   RO         2703    .constdata__ZTIN4mbed8FileLikeE  mbed.ar(stdio.cpp.lpc1768.arm.o)
    0x000070ec   0x000070ec   0x00000008   Data   RO         3343    .constdata__ZTISt9type_info  cpprt_w.l(type_info_dtor.o)
    0x000070f4   0x000070f4   0x00000022   Data   RO         3045    .constdata__ZTSN10__cxxabiv117__class_type_infoE  cpprt_w.l(lib_rtti_impl.o)
    0x00007116   0x00007116   0x00000025   Data   RO         3046    .constdata__ZTSN10__cxxabiv120__si_class_type_infoE  cpprt_w.l(lib_rtti_impl.o)
    0x0000713b   0x0000713b   0x00000026   Data   RO         3047    .constdata__ZTSN10__cxxabiv121__vmi_class_type_infoE  cpprt_w.l(lib_rtti_impl.o)
    0x00007161   0x00007161   0x00000014   Data   RO         2599    .constdata__ZTSN4mbed10DigitalOutE  mbed.ar(DigitalOut.cpp.lpc1768.arm.o)
    0x00007175   0x00007175   0x00000014   Data   RO         2706    .constdata__ZTSN4mbed10FileHandleE  mbed.ar(stdio.cpp.lpc1768.arm.o)
    0x00007189   0x00007189   0x00000018   Data   RO         2542    .constdata__ZTSN4mbed14FileSystemLikeE  mbed.ar(Base.cpp.lpc1768.arm.o)
    0x000071a1   0x000071a1   0x0000000d   Data   RO         2522    .constdata__ZTSN4mbed4BaseE  mbed.ar(Base.cpp.lpc1768.arm.o)
    0x000071ae   0x000071ae   0x00000011   Data   RO         2705    .constdata__ZTSN4mbed8FileLikeE  mbed.ar(stdio.cpp.lpc1768.arm.o)
    0x000071bf   0x000071bf   0x0000000d   Data   RO         3344    .constdata__ZTSSt9type_info  cpprt_w.l(type_info_dtor.o)
    0x000071cc   0x000071cc   0x00000010   Data   RO         3017    .constdata__ZTVN10__cxxabiv117__class_type_infoE  cpprt_w.l(lib_rtti_impl.o)
    0x000071dc   0x000071dc   0x00000010   Data   RO         3019    .constdata__ZTVN10__cxxabiv120__si_class_type_infoE  cpprt_w.l(lib_rtti_impl.o)
    0x000071ec   0x000071ec   0x00000010   Data   RO         3021    .constdata__ZTVN10__cxxabiv121__vmi_class_type_infoE  cpprt_w.l(lib_rtti_impl.o)
    0x000071fc   0x000071fc   0x00000018   Data   RO         2573    .constdata__ZTVN4mbed10DigitalOutE  mbed.ar(DigitalOut.cpp.lpc1768.arm.o)
    0x00007214   0x00007214   0x00000018   Data   RO         2514    .constdata__ZTVN4mbed4BaseE  mbed.ar(Base.cpp.lpc1768.arm.o)
    0x0000722c   0x0000722c   0x0000000e   Data   RO         2495    .conststring        mbed.ar(Base.cpp.lpc1768.arm.o)
    0x0000723a   0x0000723a   0x00000005   Data   RO         2496    .conststring        mbed.ar(Base.cpp.lpc1768.arm.o)
    0x0000723f   0x0000723f   0x00000001   PAD
    0x00007240   0x00007240   0x00000020   Data   RO         3785    Region$$Table       anon$$obj.o
    0x00007260   0x00007260   0x00000008   Data   RO         3670    c$$dinf             fz_ws.l(fpconst.o)
    0x00007268   0x00007268   0x00000008   Data   RO         3673    c$$dmax             fz_ws.l(fpconst.o)
    0x00007270   0x00007270   0x00000110   Data   RO         3493    locale$$data        c_w.l(lc_ctype_c.o)
    0x00007380   0x00007380   0x0000001c   Data   RO         3621    locale$$data        c_w.l(lc_numeric_c.o)
    0x0000739c   0x0000739c   0x00000004   Data   RO         2381    .init_array         main.o
    0x000073a0   0x0000739c   0x00000000   Data   RO         2895    .init_array         c_w.l(init_aeabi.o)


    Execution Region RW_IRAM1 (Exec base: 0x10000000, Load base: 0x000073a0, Size: 0x00000c30, Max: 0x00008000, ABSOLUTE, COMPRESSED[0x0000001c])

    Exec Addr    Load Addr    Size         Type   Attr      Idx    E Section Name        Object

    0x10000000   COMPRESSED   0x000000c4   Data   RW         2451    .ARM.__AT_0x10000000  cmsis_nvic.o
    0x100000c4   COMPRESSED   0x00000002   Data   RW          365    .data               nrk_timer.o
    0x100000c6   COMPRESSED   0x00000002   PAD
    0x100000c8   COMPRESSED   0x00000004   Data   RW          545    .data               nrk.o
    0x100000cc   COMPRESSED   0x00000001   Data   RW          546    .data               nrk.o
    0x100000cd   COMPRESSED   0x00000003   PAD
    0x100000d0   COMPRESSED   0x00000014   Data   RW          547    .data               nrk.o
    0x100000e4   COMPRESSED   0x00000008   Data   RW          550    .data               nrk.o
    0x100000ec   COMPRESSED   0x00000002   Data   RW          728    .data               nrk_error.o
    0x100000ee   COMPRESSED   0x00000002   PAD
    0x100000f0   COMPRESSED   0x00000008   Data   RW          928    .data               nrk_scheduler.o
    0x100000f8   COMPRESSED   0x00000006   Data   RW         2027    .data               basic_rf.o
    0x100000fe   COMPRESSED   0x00000002   PAD
    0x10000100   COMPRESSED   0x0000000c   Data   RW         2380    .data               main.o
    0x1000010c   COMPRESSED   0x00000004   Data   RW         2442    .data               system_LPC17xx.o
    0x10000110   COMPRESSED   0x00000008   Data   RW         2497    .data               mbed.ar(Base.cpp.lpc1768.arm.o)
    0x10000118   COMPRESSED   0x0000000c   Data   RW         2498    .data               mbed.ar(Base.cpp.lpc1768.arm.o)
    0x10000124   COMPRESSED   0x00000004   Data   RW         2611    .data               capi.ar(us_ticker_api.c.lpc1768.arm.o)
    0x10000128   COMPRESSED   0x00000004   Data   RW         2861    .data               c_w.l(stdio_streams.o)
    0x1000012c   COMPRESSED   0x00000004   Data   RW         2862    .data               c_w.l(stdio_streams.o)
    0x10000130   COMPRESSED   0x00000004   Data   RW         2863    .data               c_w.l(stdio_streams.o)
    0x10000134   COMPRESSED   0x00000004   Data   RW         3643    .data               c_w.l(heapauxa.o)
    0x10000138        -       0x00000080   Zero   RW          543    .bss                nrk.o
    0x100001b8        -       0x0000024c   Zero   RW          544    .bss                nrk.o
    0x10000404        -       0x0000000c   Zero   RW         2026    .bss                basic_rf.o
    0x10000410        -       0x000006c0   Zero   RW         2379    .bss                main.o
    0x10000ad0        -       0x00000040   Zero   RW         2673    .bss                mbed.ar(stdio.cpp.lpc1768.arm.o)
    0x10000b10        -       0x00000054   Zero   RW         2858    .bss                c_w.l(stdio_streams.o)
    0x10000b64        -       0x00000054   Zero   RW         2859    .bss                c_w.l(stdio_streams.o)
    0x10000bb8        -       0x00000054   Zero   RW         2860    .bss                c_w.l(stdio_streams.o)
    0x10000c0c        -       0x00000004   Zero   RW         3109    .bss                c_w.l(rt_ddtor_pointer_addr.o)
    0x10000c10        -       0x00000004   Zero   RW         3114    .bss                c_w.l(rt_errno_addr.o)
    0x10000c14        -       0x00000004   Zero   RW         3420    .bss                c_w.l(rt_heap_descriptor.o)
    0x10000c18        -       0x00000014   Zero   RW         3425    .bss                c_w.l(rt_locale.o)
    0x10000c2c        -       0x00000004   Zero   RW         3572    .bss                c_w.l(rt_eh_globals_addr.o)


    Execution Region RW_IRAM2 (Exec base: 0x2007c000, Load base: 0x000073bc, Size: 0x00000000, Max: 0x00004000, ABSOLUTE)

    **** No section assigned to this execution region ****


    Execution Region RW_IRAM3 (Exec base: 0x20080000, Load base: 0x000073bc, Size: 0x00000000, Max: 0x00004000, ABSOLUTE)

    **** No section assigned to this execution region ****


    Execution Region RW_IRAM4 (Exec base: 0x40038000, Load base: 0x000073bc, Size: 0x00000000, Max: 0x00000800, ABSOLUTE)

    **** No section assigned to this execution region ****


==============================================================================

Image component sizes


      Code (inc. data)   RO Data    RW Data    ZI Data      Debug   Object Name

       296         44          0          6         12       5904   basic_rf.o
         2          0          0          0          0       1862   bmac.o
         0          0          0        196          0          0   cmsis_nvic.o
       700        154          4         12       1728       5094   main.o
       258         10          0          0          0       4524   mrf24j40.o
       120         14          0          0          0        364   my_asm.o
       708         40          0         33        716      11121   nrk.o
       404         26          0          0          0      36680   nrk_cpu.o
        36         14          0          2          0       1502   nrk_error.o
        32          6          0          0          0        592   nrk_idle_task.o
       660         40          0          8          0       1670   nrk_scheduler.o
         0          0          0          0          0      21942   nrk_status.o
       484         46          0          0          0       5806   nrk_task.o
        64          8          0          0          0       2042   nrk_time.o
       386         36          0          2          0      14277   nrk_timer.o
        12          4          0          0          0         60   stackheap.o
        40         12        196          0          0        220   startup_LPC17xx.o
       120         10          0          4          0         60   system_LPC17xx.o
       876         34          0          0          0      12618   ulib.o

    ----------------------------------------------------------------------
      5214        498        232        272       2456     126338   Object Totals
         0          0         32          0          0          0   (incl. Generated)
        16          0          0          9          0          0   (incl. Padding)

    ----------------------------------------------------------------------

      Code (inc. data)   RO Data    RW Data    ZI Data      Debug   Library Member Name

        24          4          0          0          0         84   __2printf.o
        58          0          0          0          0          0   __dczerorl.o
         8          0          0          0          0         68   __main.o
       392          4         17          0          0         92   __printf_flags_ss_wp.o
        14          0          0          0          0         68   __printf_wp.o
         0          0          0          0          0          0   __rtentry.o
        12          0          0          0          0          0   __rtentry2.o
         6          0          0          0          0          0   __rtentry4.o
        52          8          0          0          0          0   __scatter.o
        28          0          0          0          0          0   __scatter_zi.o
        28          0          0          0          0         68   _chval.o
        60          0          0          0          0         92   _mbrtowc.o
         6          0          0          0          0          0   _printf_a.o
         6          0          0          0          0          0   _printf_c.o
        44          0          0          0          0        108   _printf_char.o
        48          6          0          0          0         96   _printf_char_common.o
        36          4          0          0          0         80   _printf_char_file.o
        40          0          0          0          0         68   _printf_charcount.o
         6          0          0          0          0          0   _printf_d.o
       120         16          0          0          0         92   _printf_dec.o
         6          0          0          0          0          0   _printf_e.o
         6          0          0          0          0          0   _printf_f.o
      1054          0          0          0          0        216   _printf_fp_dec.o
       764          8         38          0          0        100   _printf_fp_hex.o
       128         16          0          0          0         84   _printf_fp_infnan.o
         6          0          0          0          0          0   _printf_g.o
       148          4         40          0          0        160   _printf_hex_int_ll_ptr.o
         6          0          0          0          0          0   _printf_i.o
       178          0          0          0          0         88   _printf_intcommon.o
        10          0          0          0          0          0   _printf_l.o
         6          0          0          0          0          0   _printf_lc.o
        10          0          0          0          0          0   _printf_ll.o
         6          0          0          0          0          0   _printf_lld.o
         6          0          0          0          0          0   _printf_lli.o
         6          0          0          0          0          0   _printf_llo.o
         6          0          0          0          0          0   _printf_llu.o
         6          0          0          0          0          0   _printf_llx.o
       124         16          0          0          0         92   _printf_longlong_dec.o
         6          0          0          0          0          0   _printf_ls.o
         6          0          0          0          0          0   _printf_n.o
         6          0          0          0          0          0   _printf_o.o
       112         10          0          0          0        124   _printf_oct_int_ll.o
         6          0          0          0          0          0   _printf_p.o
        78          0          0          0          0        108   _printf_pad.o
         0          0          0          0          0          0   _printf_percent.o
         4          0          0          0          0          0   _printf_percent_end.o
         6          0          0          0          0          0   _printf_s.o
        82          0          0          0          0         80   _printf_str.o
        36          0          0          0          0         84   _printf_truncate.o
         6          0          0          0          0          0   _printf_u.o
        44          0          0          0          0        108   _printf_wchar.o
       188          6          8          0          0         92   _printf_wctomb.o
         6          0          0          0          0          0   _printf_x.o
        22          0          0          0          0        100   _rserrno.o
       884          6          0          0          0        100   _scanf.o
       332          0          0          0          0         96   _scanf_int.o
       342          0          0          0          0        100   _scanf_longlong.o
       276          0          0          0          0        100   _scanf_mbtowc.o
       224          0          0          0          0         96   _scanf_str.o
        30          0          0          0          0         76   _scanf_wcharmap.o
       232          0          0          0          0        100   _scanf_wctomb.o
       208          0          0          0          0         96   _scanf_wstr.o
        64          0          0          0          0         84   _sgetc.o
        10          0          0          0          0         68   _sputc.o
        64          0          0          0          0         92   _wcrtomb.o
        22          0          0          0          0         80   abort.o
        46          0          0          0          0         84   aeabi_atexit.o
       128         42          0          0          0         76   assert.o
        24          6          0          0          0         80   assert_stdio.o
       228          4        148          0          0         96   bigflt0.o
      2152        136          0          0          0        960   btod.o
        66          0          0          0          0         84   cxa_finalize.o
        48         34          0          0          0         76   defsig_abrt_inner.o
        14          0          0          0          0         80   defsig_abrt_outer.o
        10          0          0          0          0         68   defsig_exit.o
        50          0          0          0          0         88   defsig_general.o
        80         58          0          0          0         76   defsig_rtmem_inner.o
        14          0          0          0          0         80   defsig_rtmem_outer.o
        52         38          0          0          0         76   defsig_rtred_inner.o
        14          0          0          0          0         80   defsig_rtred_outer.o
        76          0          0          0          0         88   fclose.o
         8          0          0          0          0         68   ferror.o
       100          4          0          0          0        120   fflush.o
       470          0          0          0          0         88   flsbuf.o
       236          4          0          0          0        128   fopen.o
        20          0          0          0          0         84   fprintf.o
        26          0          0          0          0         68   fputc.o
        34          0          0          0          0         80   fputs.o
       248          6          0          0          0         84   fseek.o
        66          0          0          0          0         76   ftell.o
        94          0          0          0          0         80   h1_alloc.o
        52          0          0          0          0         68   h1_extend.o
        78          0          0          0          0         80   h1_free.o
        14          0          0          0          0         84   h1_init.o
        80          6          0          4          0         96   heapauxa.o
         4          0          0          0          0        136   hguard.o
         0          0          0          0          0          0   indicate_semi.o
        36         10          0          0          0         80   init_aeabi.o
       138          0          0          0          0        168   init_alloc.o
       312         46          0          0          0        112   initio.o
        18          0          0          0          0         76   isspace.o
        44         10        272          0          0         76   lc_ctype_c.o
        44         10         28          0          0         76   lc_numeric_c.o
         2          0          0          0          0          0   libinit.o
        46          0          0          0          0          0   libinit2.o
         0          0          0          0          0          0   libshutdown2.o
        38          0          0          0          0         68   llshl.o
       138          0          0          0          0         80   lludiv10.o
       238          0          0          0          0        100   lludivv7m.o
         0          0          0          0          0          0   maybetermalloc1.o
        16          4          0          0          0         76   rt_ctype_table.o
         8          4          0          0          4         68   rt_ddtor_pointer_addr.o
         8          4          0          0          4         68   rt_eh_globals_addr.o
         8          4          0          0          4         68   rt_errno_addr.o
         8          4          0          0          4         68   rt_heap_descriptor.o
         8          4          0          0         20         68   rt_locale.o
        78          0          0          0          0         80   rt_memclr_w.o
        44          8          0          0          0         84   scanf_char.o
      1272         16          0          0          0        168   scanf_fp.o
       800         14          0          0          0        100   scanf_hexfp.o
       308         16          0          0          0        100   scanf_infnan.o
        70          0          0          0          0         80   setvbuf.o
        44          6          0          0          0         84   sprintf.o
        60          8          0          0          0         84   sscanf.o
       240          6          0          0          0        156   stdio.o
         0          0          0         12        252          0   stdio_streams.o
       128          0          0          0          0         68   strcmpv7m.o
        62          0          0          0          0         76   strlen.o
       150          0          0          0          0         80   strncmp.o
        12          4          0          0          0         68   sys_exit.o
        14          0          0          0          0         76   sys_wrch.o
         2          0          0          0          0         68   use_no_semi.o
        22          0          0          0          0         76   exit.c.lpc1768.arm.o
        72          0          0          0          0        132   gpio_api.c.lpc1768.arm.o
       424        100          0          0          0        332   pinmap.c.lpc1768.arm.o
        12          0          0          0          0         68   semihost_api.c.lpc1768.arm.o
       644        110        340          0          0        280   serial_api.c.lpc1768.arm.o
       148         16          0          0          0        240   timer_api.c.lpc1768.arm.o
        56         12          0          4          0         80   us_ticker_api.c.lpc1768.arm.o
       120          6          0          0          0         76   utils_api.c.lpc1768.arm.o
        50          0          0          0          0        144   wait_api.c.lpc1768.arm.o
         4          0          0          0          0         72   arm_bad_typeid_noexceptions.o
        80         12          0          0          0        104   arm_exceptions_globs.o
        60          0          0          0          0        108   arm_exceptions_mem.o
        26          0          0          0          0         76   arm_exceptions_terminate.o
         8          0          0          0          0         76   array_del.o
         8          0          0          0          0         76   delete.o
         0          0        193          0          0          0   lib_rtti_impl.o
      1270         42          0          0          0        780   rtti.o
         0          0         21          0          0          0   type_info_dtor.o
        32          0          0          0          0         80   type_info_eq.o
        98          4          0          0          0         92   d2f.o
        16          4          0          0          0         68   dcheck1.o
        24          0          0          0          0         68   dcmpi.o
       120          4          0          0          0         92   deqf.o
       120          4          0          0          0         92   dleqf.o
       156          4          0          0          0         92   dnaninf.o
       108          0          0          0          0         80   drleqf.o
       430          8          0          0          0        168   faddsub_clz.o
        12          4          0          0          0         68   fcheck1.o
       388         76          0          0          0         96   fdiv.o
        54          4          0          0          0         84   ffix.o
        86          0          0          0          0        136   fflt_clz.o
       258          4          0          0          0         84   fmul.o
       140          4          0          0          0         84   fnaninf.o
         0          0         16          0          0          0   fpconst.o
        10          0          0          0          0         68   fretinf.o
         6          0          0          0          0         68   istatus.o
         4          0          0          0          0         68   printf1.o
         4          0          0          0          0         68   printf2.o
       100          0          0          0          0         68   retnan.o
        92          0          0          0          0         68   scalbn.o
        76          0          0          0          0         68   scalbnf.o
         4          0          0          0          0         68   scanf1.o
         8          0          0          0          0         84   scanf2.o
        48          0          0          0          0         68   trapv.o
         0          0          0          0          0          0   usenofp.o
        30          6          0          0          0        136   dunder.o
        40          0          0          0          0         68   fpclassify.o
        88          8          0          0          0         76   frexp.o
        20          0          0          0          0        136   funder.o
       138          0          0          0          0        160   ldexp.o
       204          4          0          0          0        168   narrow.o
        84          0          0          0          0         76   scalbnf.o
       312         46        124         20          0        396   Base.cpp.lpc1768.arm.o
        64          4         56          0          0        272   DigitalOut.cpp.lpc1768.arm.o
       640         68        100          0         64        404   stdio.cpp.lpc1768.arm.o

    ----------------------------------------------------------------------
     22746       1180       1408         40        352      16188   Library Totals
        42          2          7          0          0          0   (incl. Padding)

    ----------------------------------------------------------------------

      Code (inc. data)   RO Data    RW Data    ZI Data      Debug   Library Name

     15686        624        551         16        288       9496   c_w.l
      1548        244        340          4          0       1428   capi.ar
      1488         54        214          0          0       1372   cpprt_w.l
      2362        120         16          0          0       2000   fz_ws.l
       604         18          0          0          0        820   m_ws.l
      1016        118        280         20         64       1072   mbed.ar

    ----------------------------------------------------------------------
     22746       1180       1408         40        352      16188   Library Totals

    ----------------------------------------------------------------------

==============================================================================


      Code (inc. data)   RO Data    RW Data    ZI Data      Debug   

     27960       1678       1640        312       2808     129742   Grand Totals
     27960       1678       1640         28       2808     129742   ELF Image Totals (compressed)
     27960       1678       1640         28          0          0   ROM Totals

==============================================================================

    Total RO  Size (Code + RO Data)                29600 (  28.91kB)
    Total RW  Size (RW Data + ZI Data)              3120 (   3.05kB)
    Total ROM Size (Code + RO Data + RW Data)      29628 (  28.93kB)

==============================================================================

